Archive member included to satisfy reference by file (symbol)

C:/ST/STM32CubeIDE_1.16.1/STM32CubeIDE/plugins/com.st.stm32cube.ide.mcu.externaltools.gnu-tools-for-stm32.12.3.rel1.win32_1.0.200.202406191623/tools/bin/../lib/gcc/arm-none-eabi/12.3.1/../../../../arm-none-eabi/lib/thumb/v7e-m+fp/hard\libc_nano.a(libc_a-exit.o)
                              C:/ST/STM32CubeIDE_1.16.1/STM32CubeIDE/plugins/com.st.stm32cube.ide.mcu.externaltools.gnu-tools-for-stm32.12.3.rel1.win32_1.0.200.202406191623/tools/bin/../lib/gcc/arm-none-eabi/12.3.1/../../../../arm-none-eabi/lib/thumb/v7e-m+fp/hard/crt0.o (exit)
C:/ST/STM32CubeIDE_1.16.1/STM32CubeIDE/plugins/com.st.stm32cube.ide.mcu.externaltools.gnu-tools-for-stm32.12.3.rel1.win32_1.0.200.202406191623/tools/bin/../lib/gcc/arm-none-eabi/12.3.1/../../../../arm-none-eabi/lib/thumb/v7e-m+fp/hard\libc_nano.a(libc_a-findfp.o)
                              C:/ST/STM32CubeIDE_1.16.1/STM32CubeIDE/plugins/com.st.stm32cube.ide.mcu.externaltools.gnu-tools-for-stm32.12.3.rel1.win32_1.0.200.202406191623/tools/bin/../lib/gcc/arm-none-eabi/12.3.1/../../../../arm-none-eabi/lib/thumb/v7e-m+fp/hard\libc_nano.a(libc_a-exit.o) (__stdio_exit_handler)
C:/ST/STM32CubeIDE_1.16.1/STM32CubeIDE/plugins/com.st.stm32cube.ide.mcu.externaltools.gnu-tools-for-stm32.12.3.rel1.win32_1.0.200.202406191623/tools/bin/../lib/gcc/arm-none-eabi/12.3.1/../../../../arm-none-eabi/lib/thumb/v7e-m+fp/hard\libc_nano.a(libc_a-fwalk.o)
                              C:/ST/STM32CubeIDE_1.16.1/STM32CubeIDE/plugins/com.st.stm32cube.ide.mcu.externaltools.gnu-tools-for-stm32.12.3.rel1.win32_1.0.200.202406191623/tools/bin/../lib/gcc/arm-none-eabi/12.3.1/../../../../arm-none-eabi/lib/thumb/v7e-m+fp/hard\libc_nano.a(libc_a-findfp.o) (_fwalk_sglue)
C:/ST/STM32CubeIDE_1.16.1/STM32CubeIDE/plugins/com.st.stm32cube.ide.mcu.externaltools.gnu-tools-for-stm32.12.3.rel1.win32_1.0.200.202406191623/tools/bin/../lib/gcc/arm-none-eabi/12.3.1/../../../../arm-none-eabi/lib/thumb/v7e-m+fp/hard\libc_nano.a(libc_a-printf.o)
                              ./TOF/App/app_tof.o (printf)
C:/ST/STM32CubeIDE_1.16.1/STM32CubeIDE/plugins/com.st.stm32cube.ide.mcu.externaltools.gnu-tools-for-stm32.12.3.rel1.win32_1.0.200.202406191623/tools/bin/../lib/gcc/arm-none-eabi/12.3.1/../../../../arm-none-eabi/lib/thumb/v7e-m+fp/hard\libc_nano.a(libc_a-putchar.o)
                              ./TOF/App/app_tof.o (putchar)
C:/ST/STM32CubeIDE_1.16.1/STM32CubeIDE/plugins/com.st.stm32cube.ide.mcu.externaltools.gnu-tools-for-stm32.12.3.rel1.win32_1.0.200.202406191623/tools/bin/../lib/gcc/arm-none-eabi/12.3.1/../../../../arm-none-eabi/lib/thumb/v7e-m+fp/hard\libc_nano.a(libc_a-puts.o)
                              ./TOF/App/app_tof.o (puts)
C:/ST/STM32CubeIDE_1.16.1/STM32CubeIDE/plugins/com.st.stm32cube.ide.mcu.externaltools.gnu-tools-for-stm32.12.3.rel1.win32_1.0.200.202406191623/tools/bin/../lib/gcc/arm-none-eabi/12.3.1/../../../../arm-none-eabi/lib/thumb/v7e-m+fp/hard\libc_nano.a(libc_a-stdio.o)
                              C:/ST/STM32CubeIDE_1.16.1/STM32CubeIDE/plugins/com.st.stm32cube.ide.mcu.externaltools.gnu-tools-for-stm32.12.3.rel1.win32_1.0.200.202406191623/tools/bin/../lib/gcc/arm-none-eabi/12.3.1/../../../../arm-none-eabi/lib/thumb/v7e-m+fp/hard\libc_nano.a(libc_a-findfp.o) (__sread)
C:/ST/STM32CubeIDE_1.16.1/STM32CubeIDE/plugins/com.st.stm32cube.ide.mcu.externaltools.gnu-tools-for-stm32.12.3.rel1.win32_1.0.200.202406191623/tools/bin/../lib/gcc/arm-none-eabi/12.3.1/../../../../arm-none-eabi/lib/thumb/v7e-m+fp/hard\libc_nano.a(libc_a-wbuf.o)
                              C:/ST/STM32CubeIDE_1.16.1/STM32CubeIDE/plugins/com.st.stm32cube.ide.mcu.externaltools.gnu-tools-for-stm32.12.3.rel1.win32_1.0.200.202406191623/tools/bin/../lib/gcc/arm-none-eabi/12.3.1/../../../../arm-none-eabi/lib/thumb/v7e-m+fp/hard\libc_nano.a(libc_a-puts.o) (__swbuf_r)
C:/ST/STM32CubeIDE_1.16.1/STM32CubeIDE/plugins/com.st.stm32cube.ide.mcu.externaltools.gnu-tools-for-stm32.12.3.rel1.win32_1.0.200.202406191623/tools/bin/../lib/gcc/arm-none-eabi/12.3.1/../../../../arm-none-eabi/lib/thumb/v7e-m+fp/hard\libc_nano.a(libc_a-wsetup.o)
                              C:/ST/STM32CubeIDE_1.16.1/STM32CubeIDE/plugins/com.st.stm32cube.ide.mcu.externaltools.gnu-tools-for-stm32.12.3.rel1.win32_1.0.200.202406191623/tools/bin/../lib/gcc/arm-none-eabi/12.3.1/../../../../arm-none-eabi/lib/thumb/v7e-m+fp/hard\libc_nano.a(libc_a-puts.o) (__swsetup_r)
C:/ST/STM32CubeIDE_1.16.1/STM32CubeIDE/plugins/com.st.stm32cube.ide.mcu.externaltools.gnu-tools-for-stm32.12.3.rel1.win32_1.0.200.202406191623/tools/bin/../lib/gcc/arm-none-eabi/12.3.1/../../../../arm-none-eabi/lib/thumb/v7e-m+fp/hard\libc_nano.a(libc_a-memset.o)
                              C:/ST/STM32CubeIDE_1.16.1/STM32CubeIDE/plugins/com.st.stm32cube.ide.mcu.externaltools.gnu-tools-for-stm32.12.3.rel1.win32_1.0.200.202406191623/tools/bin/../lib/gcc/arm-none-eabi/12.3.1/../../../../arm-none-eabi/lib/thumb/v7e-m+fp/hard/crt0.o (memset)
[...]
Memory Configuration

Name             Origin             Length             Attributes
RAM              0x20000000         0x00018000         xrw
FLASH            0x08000000         0x00080000         xr
*default*        0x00000000         0xffffffff

Linker script and memory map

LOAD C:/ST/STM32CubeIDE_1.16.1/STM32CubeIDE/plugins/com.st.stm32cube.ide.mcu.externaltools.gnu-tools-for-stm32.12.3.rel1.win32_1.0.200.202406191623/tools/bin/../lib/gcc/arm-none-eabi/12.3.1/thumb/v7e-m+fp/hard/crti.o
LOAD C:/ST/STM32CubeIDE_1.16.1/STM32CubeIDE/plugins/com.st.stm32cube.ide.mcu.externaltools.gnu-tools-for-stm32.12.3.rel1.win32_1.0.200.202406191623/tools/bin/../lib/gcc/arm-none-eabi/12.3.1/thumb/v7e-m+fp/hard/crtbegin.o
LOAD C:/ST/STM32CubeIDE_1.16.1/STM32CubeIDE/plugins/com.st.stm32cube.ide.mcu.externaltools.gnu-tools-for-stm32.12.3.rel1.win32_1.0.200.202406191623/tools/bin/../lib/gcc/arm-none-eabi/12.3.1/../../../../arm-none-eabi/lib/thumb/v7e-m+fp/hard/crt0.o
LOAD ./Core/Src/main.o
LOAD ./Core/Src/stm32f4xx_hal_msp.o
LOAD ./Core/Src/stm32f4xx_it.o
LOAD ./Core/Src/stm32f4xx_nucleo_bus.o
LOAD ./Core/Src/syscalls.o
LOAD ./Core/Src/sysmem.o
LOAD ./Core/Src/system_stm32f4xx.o
LOAD ./Core/Startup/startup_stm32f401retx.o
LOAD ./Drivers/BSP/53L5A1/53l5a1_ranging_sensor.o
LOAD ./Drivers/BSP/Components/vl53l5cx/modules/vl53l5cx_api.o
LOAD ./Drivers/BSP/Components/vl53l5cx/modules/vl53l5cx_plugin_detection_thresholds.o
LOAD ./Drivers/BSP/Components/vl53l5cx/modules/vl53l5cx_plugin_motion_indicator.o
LOAD ./Drivers/BSP/Components/vl53l5cx/modules/vl53l5cx_plugin_xtalk.o
LOAD ./Drivers/BSP/Components/vl53l5cx/porting/platform.o
LOAD ./Drivers/BSP/Components/vl53l5cx/vl53l5cx.o
LOAD ./Drivers/BSP/STM32F4xx_Nucleo/stm32f4xx_nucleo.o
LOAD ./Drivers/STM32F4xx_HAL_Driver/Src/stm32f4xx_hal.o
LOAD ./Drivers/STM32F4xx_HAL_Driver/Src/stm32f4xx_hal_cortex.o
LOAD ./Drivers/STM32F4xx_HAL_Driver/Src/stm32f4xx_hal_dma.o
LOAD ./Drivers/STM32F4xx_HAL_Driver/Src/stm32f4xx_hal_dma_ex.o
LOAD ./Drivers/STM32F4xx_HAL_Driver/Src/stm32f4xx_hal_exti.o
LOAD ./Drivers/STM32F4xx_HAL_Driver/Src/stm32f4xx_hal_flash.o
LOAD ./Drivers/STM32F4xx_HAL_Driver/Src/stm32f4xx_hal_flash_ex.o
LOAD ./Drivers/STM32F4xx_HAL_Driver/Src/stm32f4xx_hal_flash_ramfunc.o
LOAD ./Drivers/STM32F4xx_HAL_Driver/Src/stm32f4xx_hal_gpio.o
LOAD ./Drivers/STM32F4xx_HAL_Driver/Src/stm32f4xx_hal_i2c.o
LOAD ./Drivers/STM32F4xx_HAL_Driver/Src/stm32f4xx_hal_i2c_ex.o
LOAD ./Drivers/STM32F4xx_HAL_Driver/Src/stm32f4xx_hal_pwr.o
LOAD ./Drivers/STM32F4xx_HAL_Driver/Src/stm32f4xx_hal_pwr_ex.o
LOAD ./Drivers/STM32F4xx_HAL_Driver/Src/stm32f4xx_hal_rcc.o
LOAD ./Drivers/STM32F4xx_HAL_Driver/Src/stm32f4xx_hal_rcc_ex.o
LOAD ./Drivers/STM32F4xx_HAL_Driver/Src/stm32f4xx_hal_tim.o
LOAD ./Drivers/STM32F4xx_HAL_Driver/Src/stm32f4xx_hal_tim_ex.o
LOAD ./Drivers/STM32F4xx_HAL_Driver/Src/stm32f4xx_hal_uart.o
LOAD ./TOF/App/app_tof.o
LOAD ./TOF/Target/app_tof_pin_conf.o
START GROUP
LOAD C:/ST/STM32CubeIDE_1.16.1/STM32CubeIDE/plugins/com.st.stm32cube.ide.mcu.externaltools.gnu-tools-for-stm32.12.3.rel1.win32_1.0.200.202406191623/tools/bin/../lib/gcc/arm-none-eabi/12.3.1/../../../../arm-none-eabi/lib/thumb/v7e-m+fp/hard\libc_nano.a
LOAD C:/ST/STM32CubeIDE_1.16.1/STM32CubeIDE/plugins/com.st.stm32cube.ide.mcu.externaltools.gnu-tools-for-stm32.12.3.rel1.win32_1.0.200.202406191623/tools/bin/../lib/gcc/arm-none-eabi/12.3.1/../../../../arm-none-eabi/lib/thumb/v7e-m+fp/hard\libm.a
END GROUP
START GROUP
LOAD C:/ST/STM32CubeIDE_1.16.1/STM32CubeIDE/plugins/com.st.stm32cube.ide.mcu.externaltools.gnu-tools-for-stm32.12.3.rel1.win32_1.0.200.202406191623/tools/bin/../lib/gcc/arm-none-eabi/12.3.1/thumb/v7e-m+fp/hard\libgcc.a
LOAD C:/ST/STM32CubeIDE_1.16.1/STM32CubeIDE/plugins/com.st.stm32cube.ide.mcu.externaltools.gnu-tools-for-stm32.12.3.rel1.win32_1.0.200.202406191623/tools/bin/../lib/gcc/arm-none-eabi/12.3.1/../../../../arm-none-eabi/lib/thumb/v7e-m+fp/hard\libc_nano.a
END GROUP
START GROUP
LOAD C:/ST/STM32CubeIDE_1.16.1/STM32CubeIDE/plugins/com.st.stm32cube.ide.mcu.externaltools.gnu-tools-for-stm32.12.3.rel1.win32_1.0.200.202406191623/tools/bin/../lib/gcc/arm-none-eabi/12.3.1/thumb/v7e-m+fp/hard\libgcc.a
LOAD C:/ST/STM32CubeIDE_1.16.1/STM32CubeIDE/plugins/com.st.stm32cube.ide.mcu.externaltools.gnu-tools-for-stm32.12.3.rel1.win32_1.0.200.202406191623/tools/bin/../lib/gcc/arm-none-eabi/12.3.1/../../../../arm-none-eabi/lib/thumb/v7e-m+fp/hard\libc_nano.a
LOAD C:/ST/STM32CubeIDE_1.16.1/STM32CubeIDE/plugins/com.st.stm32cube.ide.mcu.externaltools.gnu-tools-for-stm32.12.3.rel1.win32_1.0.200.202406191623/tools/bin/../lib/gcc/arm-none-eabi/12.3.1/../../../../arm-none-eabi/lib/thumb/v7e-m+fp/hard\libnosys.a
END GROUP
START GROUP
LOAD C:/ST/STM32CubeIDE_1.16.1/STM32CubeIDE/plugins/com.st.stm32cube.ide.mcu.externaltools.gnu-tools-for-stm32.12.3.rel1.win32_1.0.200.202406191623/tools/bin/../lib/gcc/arm-none-eabi/12.3.1/thumb/v7e-m+fp/hard\libgcc.a
LOAD C:/ST/STM32CubeIDE_1.16.1/STM32CubeIDE/plugins/com.st.stm32cube.ide.mcu.externaltools.gnu-tools-for-stm32.12.3.rel1.win32_1.0.200.202406191623/tools/bin/../lib/gcc/arm-none-eabi/12.3.1/../../../../arm-none-eabi/lib/thumb/v7e-m+fp/hard\libc_nano.a
LOAD C:/ST/STM32CubeIDE_1.16.1/STM32CubeIDE/plugins/com.st.stm32cube.ide.mcu.externaltools.gnu-tools-for-stm32.12.3.rel1.win32_1.0.200.202406191623/tools/bin/../lib/gcc/arm-none-eabi/12.3.1/../../../../arm-none-eabi/lib/thumb/v7e-m+fp/hard\libnosys.a
END GROUP
LOAD C:/ST/STM32CubeIDE_1.16.1/STM32CubeIDE/plugins/com.st.stm32cube.ide.mcu.externaltools.gnu-tools-for-stm32.12.3.rel1.win32_1.0.200.202406191623/tools/bin/../lib/gcc/arm-none-eabi/12.3.1/thumb/v7e-m+fp/hard/crtend.o
LOAD C:/ST/STM32CubeIDE_1.16.1/STM32CubeIDE/plugins/com.st.stm32cube.ide.mcu.externaltools.gnu-tools-for-stm32.12.3.rel1.win32_1.0.200.202406191623/tools/bin/../lib/gcc/arm-none-eabi/12.3.1/thumb/v7e-m+fp/hard/crtn.o
                0x20018000                        _estack = (ORIGIN (RAM) + LENGTH (RAM))
                0x00000200                        _Min_Heap_Size = 0x200
                0x00000400                        _Min_Stack_Size = 0x400

.isr_vector     0x08000000      0x194
                0x08000000                        . = ALIGN (0x4)
 *(.isr_vector)
 .isr_vector    0x08000000      0x194 ./Core/Startup/startup_stm32f401retx.o
                0x08000000                g_pfnVectors
                0x08000194                        . = ALIGN (0x4)

.text           0x080001a0     0x83b4
                0x080001a0                        . = ALIGN (0x4)
 *(.text)
 .text          0x080001a0       0x40 C:/ST/STM32CubeIDE_1.16.1/STM32CubeIDE/plugins/com.st.stm32cube.ide.mcu.externaltools.gnu-tools-for-stm32.12.3.rel1.win32_1.0.200.202406191623/tools/bin/../lib/gcc/arm-none-eabi/12.3.1/thumb/v7e-m+fp/hard/crtbegin.o
 .text          0x080001e0       0xa0 C:/ST/STM32CubeIDE_1.16.1/STM32CubeIDE/plugins/com.st.stm32cube.ide.mcu.externaltools.gnu-tools-for-stm32.12.3.rel1.win32_1.0.200.202406191623/tools/bin/../lib/gcc/arm-none-eabi/12.3.1/../../../../arm-none-eabi/lib/thumb/v7e-m+fp/hard\libc_nano.a(libc_a-memchr.o)
                0x080001e0                memchr
 .text          0x08000280       0x30 C:/ST/STM32CubeIDE_1.16.1/STM32CubeIDE/plugins/com.st.stm32cube.ide.mcu.externaltools.gnu-tools-for-stm32.12.3.rel1.win32_1.0.200.202406191623/tools/bin/../lib/gcc/arm-none-eabi/12.3.1/thumb/v7e-m+fp/hard\libgcc.a(_aeabi_uldivmod.o)
                0x08000280                __aeabi_uldivmod
 .text          0x080002b0      0x2bc C:/ST/STM32CubeIDE_1.16.1/STM32CubeIDE/plugins/com.st.stm32cube.ide.mcu.externaltools.gnu-tools-for-stm32.12.3.rel1.win32_1.0.200.202406191623/tools/bin/../lib/gcc/arm-none-eabi/12.3.1/thumb/v7e-m+fp/hard\libgcc.a(_udivmoddi4.o)
                0x080002b0                __udivmoddi4
 .text          0x0800056c        0x4 C:/ST/STM32CubeIDE_1.16.1/STM32CubeIDE/plugins/com.st.stm32cube.ide.mcu.externaltools.gnu-tools-for-stm32.12.3.rel1.win32_1.0.200.202406191623/tools/bin/../lib/gcc/arm-none-eabi/12.3.1/thumb/v7e-m+fp/hard\libgcc.a(_dvmd_tls.o)
                0x0800056c                __aeabi_idiv0
                0x0800056c                __aeabi_ldiv0
 *(.text*)
 .text.main     0x08000570       0x1a ./Core/Src/main.o
                0x08000570                main
 *fill*         0x0800058a        0x2 
 .text.SystemClock_Config
                0x0800058c       0xd8 ./Core/Src/main.o
                0x0800058c                SystemClock_Config
 .text.MX_GPIO_Init
                0x08000664      0x138 ./Core/Src/main.o
 .text.Error_Handler
                0x0800079c        0xc ./Core/Src/main.o
                0x0800079c                Error_Handler
 .text.HAL_MspInit
                0x080007a8       0x50 ./Core/Src/stm32f4xx_hal_msp.o
                0x080007a8                HAL_MspInit
 .text.NMI_Handler
                0x080007f8        0x8 ./Core/Src/stm32f4xx_it.o
                0x080007f8                NMI_Handler
 .text.HardFault_Handler
                0x08000800        0x8 ./Core/Src/stm32f4xx_it.o
                0x08000800                HardFault_Handler
 .text.MemManage_Handler
                0x08000808        0x8 ./Core/Src/stm32f4xx_it.o
                0x08000808                MemManage_Handler
 .text.BusFault_Handler
                0x08000810        0x8 ./Core/Src/stm32f4xx_it.o
                0x08000810                BusFault_Handler
 .text.UsageFault_Handler
                0x08000818        0x8 ./Core/Src/stm32f4xx_it.o
                0x08000818                UsageFault_Handler
 .text.SVC_Handler
                0x08000820        0xe ./Core/Src/stm32f4xx_it.o
                0x08000820                SVC_Handler
 .text.DebugMon_Handler
                0x0800082e        0xe ./Core/Src/stm32f4xx_it.o
                0x0800082e                DebugMon_Handler
 .text.PendSV_Handler
                0x0800083c        0xe ./Core/Src/stm32f4xx_it.o
                0x0800083c                PendSV_Handler
 .text.SysTick_Handler
                0x0800084a        0xc ./Core/Src/stm32f4xx_it.o
                0x0800084a                SysTick_Handler
 .text.EXTI4_IRQHandler
                0x08000856        0xe ./Core/Src/stm32f4xx_it.o
                0x08000856                EXTI4_IRQHandler
 .text.BSP_I2C1_Init
                0x08000864       0x64 ./Core/Src/stm32f4xx_nucleo_bus.o
                0x08000864                BSP_I2C1_Init
 .text.BSP_I2C1_DeInit
                0x080008c8       0x50 ./Core/Src/stm32f4xx_nucleo_bus.o
                0x080008c8                BSP_I2C1_DeInit
 .text.BSP_I2C1_WriteReg16
                0x08000918       0x64 ./Core/Src/stm32f4xx_nucleo_bus.o
                0x08000918                BSP_I2C1_WriteReg16
 .text.BSP_I2C1_ReadReg16
                0x0800097c       0x64 ./Core/Src/stm32f4xx_nucleo_bus.o
                0x0800097c                BSP_I2C1_ReadReg16
 .text.BSP_GetTick
                0x080009e0        0xe ./Core/Src/stm32f4xx_nucleo_bus.o
                0x080009e0                BSP_GetTick
 *fill*         0x080009ee        0x2 
 .text.MX_I2C1_Init
                0x080009f0       0x68 ./Core/Src/stm32f4xx_nucleo_bus.o
                0x080009f0                MX_I2C1_Init
 .text.I2C1_MspInit
                0x08000a58       0x94 ./Core/Src/stm32f4xx_nucleo_bus.o
 .text.I2C1_MspDeInit
                0x08000aec       0x38 ./Core/Src/stm32f4xx_nucleo_bus.o
 .text._read    0x08000b24       0x3a ./Core/Src/syscalls.o
                0x08000b24                _read
 .text._write   0x08000b5e       0x38 ./Core/Src/syscalls.o
                0x08000b5e                _write
 .text._close   0x08000b96       0x18 ./Core/Src/syscalls.o
                0x08000b96                _close
 .text._fstat   0x08000bae       0x20 ./Core/Src/syscalls.o
                0x08000bae                _fstat
 .text._isatty  0x08000bce       0x16 ./Core/Src/syscalls.o
                0x08000bce                _isatty
 .text._lseek   0x08000be4       0x1a ./Core/Src/syscalls.o
                0x08000be4                _lseek
 *fill*         0x08000bfe        0x2 
 .text._sbrk    0x08000c00       0x6c ./Core/Src/sysmem.o
                0x08000c00                _sbrk
 .text.SystemInit
                0x08000c6c       0x24 ./Core/Src/system_stm32f4xx.o
                0x08000c6c                SystemInit
 .text.Reset_Handler
                0x08000c90       0x50 ./Core/Startup/startup_stm32f401retx.o
                0x08000c90                Reset_Handler
 .text.Default_Handler
                0x08000ce0        0x2 ./Core/Startup/startup_stm32f401retx.o
                0x08000ce0                RTC_Alarm_IRQHandler
                0x08000ce0                EXTI2_IRQHandler
                0x08000ce0                SPI4_IRQHandler
                0x08000ce0                TIM1_CC_IRQHandler
                0x08000ce0                DMA2_Stream5_IRQHandler
                0x08000ce0                DMA1_Stream5_IRQHandler
                0x08000ce0                PVD_IRQHandler
                0x08000ce0                SDIO_IRQHandler
                0x08000ce0                TAMP_STAMP_IRQHandler
                0x08000ce0                EXTI3_IRQHandler
                0x08000ce0                TIM1_UP_TIM10_IRQHandler
                0x08000ce0                I2C3_ER_IRQHandler
                0x08000ce0                EXTI0_IRQHandler
                0x08000ce0                I2C2_EV_IRQHandler
                0x08000ce0                DMA1_Stream2_IRQHandler
                0x08000ce0                FPU_IRQHandler
                0x08000ce0                DMA2_Stream2_IRQHandler
                0x08000ce0                SPI1_IRQHandler
                0x08000ce0                TIM1_BRK_TIM9_IRQHandler
                0x08000ce0                DMA2_Stream3_IRQHandler
                0x08000ce0                USART6_IRQHandler
                0x08000ce0                DMA2_Stream0_IRQHandler
                0x08000ce0                TIM4_IRQHandler
                0x08000ce0                I2C1_EV_IRQHandler
                0x08000ce0                DMA1_Stream6_IRQHandler
                0x08000ce0                DMA1_Stream1_IRQHandler
                0x08000ce0                TIM3_IRQHandler
                0x08000ce0                RCC_IRQHandler
                0x08000ce0                Default_Handler
                0x08000ce0                EXTI15_10_IRQHandler
                0x08000ce0                ADC_IRQHandler
                0x08000ce0                DMA1_Stream7_IRQHandler
                0x08000ce0                TIM5_IRQHandler
                0x08000ce0                DMA2_Stream7_IRQHandler
                0x08000ce0                I2C3_EV_IRQHandler
                0x08000ce0                EXTI9_5_IRQHandler
                0x08000ce0                RTC_WKUP_IRQHandler
                0x08000ce0                SPI2_IRQHandler
                0x08000ce0                DMA1_Stream0_IRQHandler
                0x08000ce0                WWDG_IRQHandler
                0x08000ce0                TIM2_IRQHandler
                0x08000ce0                OTG_FS_WKUP_IRQHandler
                0x08000ce0                TIM1_TRG_COM_TIM11_IRQHandler
                0x08000ce0                EXTI1_IRQHandler
                0x08000ce0                USART2_IRQHandler
                0x08000ce0                I2C2_ER_IRQHandler
                0x08000ce0                DMA2_Stream1_IRQHandler
                0x08000ce0                FLASH_IRQHandler
                0x08000ce0                DMA2_Stream4_IRQHandler
                0x08000ce0                USART1_IRQHandler
                0x08000ce0                OTG_FS_IRQHandler
                0x08000ce0                SPI3_IRQHandler
                0x08000ce0                DMA1_Stream4_IRQHandler
                0x08000ce0                I2C1_ER_IRQHandler
                0x08000ce0                DMA2_Stream6_IRQHandler
                0x08000ce0                DMA1_Stream3_IRQHandler
 .text.VL53L5A1_RANGING_SENSOR_Init
                0x08000ce2       0x28 ./Drivers/BSP/53L5A1/53l5a1_ranging_sensor.o
                0x08000ce2                VL53L5A1_RANGING_SENSOR_Init
 *fill*         0x08000d0a        0x2 
 .text.VL53L5A1_RANGING_SENSOR_ReadID
                0x08000d0c       0x50 ./Drivers/BSP/53L5A1/53l5a1_ranging_sensor.o
                0x08000d0c                VL53L5A1_RANGING_SENSOR_ReadID
 .text.VL53L5A1_RANGING_SENSOR_GetCapabilities
                0x08000d5c       0x50 ./Drivers/BSP/53L5A1/53l5a1_ranging_sensor.o
                0x08000d5c                VL53L5A1_RANGING_SENSOR_GetCapabilities
 .text.VL53L5A1_RANGING_SENSOR_ConfigProfile
                0x08000dac       0x50 ./Drivers/BSP/53L5A1/53l5a1_ranging_sensor.o
                0x08000dac                VL53L5A1_RANGING_SENSOR_ConfigProfile
 .text.VL53L5A1_RANGING_SENSOR_GetDistance
                0x08000dfc       0x50 ./Drivers/BSP/53L5A1/53l5a1_ranging_sensor.o
                0x08000dfc                VL53L5A1_RANGING_SENSOR_GetDistance
 .text.VL53L5A1_RANGING_SENSOR_Start
                0x08000e4c       0x50 ./Drivers/BSP/53L5A1/53l5a1_ranging_sensor.o
                0x08000e4c                VL53L5A1_RANGING_SENSOR_Start
 .text.VL53L5A1_RANGING_SENSOR_Stop
                0x08000e9c       0x4c ./Drivers/BSP/53L5A1/53l5a1_ranging_sensor.o
                0x08000e9c                VL53L5A1_RANGING_SENSOR_Stop
 .text.VL53L5CX_Probe
                0x08000ee8      0x118 ./Drivers/BSP/53L5A1/53l5a1_ranging_sensor.o
 .text._vl53l5cx_poll_for_answer
                0x08001000       0xa0 ./Drivers/BSP/Components/vl53l5cx/modules/vl53l5cx_api.o
 .text._vl53l5cx_poll_for_mcu_boot
                0x080010a0       0x82 ./Drivers/BSP/Components/vl53l5cx/modules/vl53l5cx_api.o
 *fill*         0x08001122        0x2 
 .text._vl53l5cx_send_offset_data
                0x08001124      0x398 ./Drivers/BSP/Components/vl53l5cx/modules/vl53l5cx_api.o
 .text._vl53l5cx_send_xtalk_data
                0x080014bc      0x298 ./Drivers/BSP/Components/vl53l5cx/modules/vl53l5cx_api.o
 .text.vl53l5cx_init
                0x08001754      0x8d8 ./Drivers/BSP/Components/vl53l5cx/modules/vl53l5cx_api.o
                0x08001754                vl53l5cx_init
 .text.vl53l5cx_set_i2c_address
                0x0800202c       0x6c ./Drivers/BSP/Components/vl53l5cx/modules/vl53l5cx_api.o
                0x0800202c                vl53l5cx_set_i2c_address
 .text.vl53l5cx_get_power_mode
                0x08002098       0x86 ./Drivers/BSP/Components/vl53l5cx/modules/vl53l5cx_api.o
                0x08002098                vl53l5cx_get_power_mode
 .text.vl53l5cx_set_power_mode
                0x0800211e       0xfc ./Drivers/BSP/Components/vl53l5cx/modules/vl53l5cx_api.o
                0x0800211e                vl53l5cx_set_power_mode
 *fill*         0x0800221a        0x2 
 .text.vl53l5cx_start_ranging
                0x0800221c      0x2f4 ./Drivers/BSP/Components/vl53l5cx/modules/vl53l5cx_api.o
                0x0800221c                vl53l5cx_start_ranging
 .text.vl53l5cx_stop_ranging
                0x08002510      0x1a0 ./Drivers/BSP/Components/vl53l5cx/modules/vl53l5cx_api.o
                0x08002510                vl53l5cx_stop_ranging
 .text.vl53l5cx_check_data_ready
                0x080026b0       0xa0 ./Drivers/BSP/Components/vl53l5cx/modules/vl53l5cx_api.o
                0x080026b0                vl53l5cx_check_data_ready
 .text.vl53l5cx_get_ranging_data
                0x08002750      0x434 ./Drivers/BSP/Components/vl53l5cx/modules/vl53l5cx_api.o
                0x08002750                vl53l5cx_get_ranging_data
 .text.vl53l5cx_get_resolution
                0x08002b84       0x4a ./Drivers/BSP/Components/vl53l5cx/modules/vl53l5cx_api.o
                0x08002b84                vl53l5cx_get_resolution
 .text.vl53l5cx_set_resolution
                0x08002bce      0x1a8 ./Drivers/BSP/Components/vl53l5cx/modules/vl53l5cx_api.o
                0x08002bce                vl53l5cx_set_resolution
 .text.vl53l5cx_set_ranging_frequency_hz
                0x08002d76       0x42 ./Drivers/BSP/Components/vl53l5cx/modules/vl53l5cx_api.o
                0x08002d76                vl53l5cx_set_ranging_frequency_hz
 .text.vl53l5cx_set_integration_time_ms
                0x08002db8       0x6a ./Drivers/BSP/Components/vl53l5cx/modules/vl53l5cx_api.o
                0x08002db8                vl53l5cx_set_integration_time_ms
 .text.vl53l5cx_set_ranging_mode
                0x08002e22       0xae ./Drivers/BSP/Components/vl53l5cx/modules/vl53l5cx_api.o
                0x08002e22                vl53l5cx_set_ranging_mode
 .text.vl53l5cx_dci_read_data
                0x08002ed0      0x114 ./Drivers/BSP/Components/vl53l5cx/modules/vl53l5cx_api.o
                0x08002ed0                vl53l5cx_dci_read_data
 .text.vl53l5cx_dci_write_data
                0x08002fe4      0x13c ./Drivers/BSP/Components/vl53l5cx/modules/vl53l5cx_api.o
                0x08002fe4                vl53l5cx_dci_write_data
 .text.vl53l5cx_dci_replace_data
                0x08003120       0x58 ./Drivers/BSP/Components/vl53l5cx/modules/vl53l5cx_api.o
                0x08003120                vl53l5cx_dci_replace_data
 .text.vl53l5cx_set_detection_thresholds_enable
                0x08003178       0x8c ./Drivers/BSP/Components/vl53l5cx/modules/vl53l5cx_plugin_detection_thresholds.o
                0x08003178                vl53l5cx_set_detection_thresholds_enable
 .text.vl53l5cx_set_detection_thresholds
                0x08003204      0x2c0 ./Drivers/BSP/Components/vl53l5cx/modules/vl53l5cx_plugin_detection_thresholds.o
                0x08003204                vl53l5cx_set_detection_thresholds
 .text.VL53L5CX_RdByte
                0x080034c4       0x2a ./Drivers/BSP/Components/vl53l5cx/porting/platform.o
                0x080034c4                VL53L5CX_RdByte
 .text.VL53L5CX_WrByte
                0x080034ee       0x2c ./Drivers/BSP/Components/vl53l5cx/porting/platform.o
                0x080034ee                VL53L5CX_WrByte
 .text.VL53L5CX_WrMulti
                0x0800351a       0x2e ./Drivers/BSP/Components/vl53l5cx/porting/platform.o
                0x0800351a                VL53L5CX_WrMulti
 .text.VL53L5CX_RdMulti
                0x08003548       0x2e ./Drivers/BSP/Components/vl53l5cx/porting/platform.o
                0x08003548                VL53L5CX_RdMulti
 .text.VL53L5CX_SwapBuffer
                0x08003576       0x6c ./Drivers/BSP/Components/vl53l5cx/porting/platform.o
                0x08003576                VL53L5CX_SwapBuffer
 .text.VL53L5CX_WaitMs
                0x080035e2       0x34 ./Drivers/BSP/Components/vl53l5cx/porting/platform.o
                0x080035e2                VL53L5CX_WaitMs
 .text.VL53L5CX_RegisterBusIO
                0x08003616       0x90 ./Drivers/BSP/Components/vl53l5cx/vl53l5cx.o
                0x08003616                VL53L5CX_RegisterBusIO
 .text.VL53L5CX_Init
                0x080036a6       0x7e ./Drivers/BSP/Components/vl53l5cx/vl53l5cx.o
                0x080036a6                VL53L5CX_Init
 .text.VL53L5CX_DeInit
                0x08003724       0x52 ./Drivers/BSP/Components/vl53l5cx/vl53l5cx.o
                0x08003724                VL53L5CX_DeInit
 .text.VL53L5CX_ReadID
                0x08003776       0xc0 ./Drivers/BSP/Components/vl53l5cx/vl53l5cx.o
                0x08003776                VL53L5CX_ReadID
 .text.VL53L5CX_GetCapabilities
                0x08003836       0x48 ./Drivers/BSP/Components/vl53l5cx/vl53l5cx.o
                0x08003836                VL53L5CX_GetCapabilities
 *fill*         0x0800387e        0x2 
 .text.VL53L5CX_ConfigProfile
                0x08003880      0x13c ./Drivers/BSP/Components/vl53l5cx/vl53l5cx.o
                0x08003880                VL53L5CX_ConfigProfile
 .text.VL53L5CX_ConfigROI
                0x080039bc       0x1a ./Drivers/BSP/Components/vl53l5cx/vl53l5cx.o
                0x080039bc                VL53L5CX_ConfigROI
 *fill*         0x080039d6        0x2 
 .text.VL53L5CX_ConfigIT
                0x080039d8      0x170 ./Drivers/BSP/Components/vl53l5cx/vl53l5cx.o
                0x080039d8                VL53L5CX_ConfigIT
 .text.VL53L5CX_GetDistance
                0x08003b48       0x6c ./Drivers/BSP/Components/vl53l5cx/vl53l5cx.o
                0x08003b48                VL53L5CX_GetDistance
 .text.VL53L5CX_Start
                0x08003bb4       0xbc ./Drivers/BSP/Components/vl53l5cx/vl53l5cx.o
                0x08003bb4                VL53L5CX_Start
 .text.VL53L5CX_Stop
                0x08003c70       0x56 ./Drivers/BSP/Components/vl53l5cx/vl53l5cx.o
                0x08003c70                VL53L5CX_Stop
 .text.VL53L5CX_SetAddress
                0x08003cc6       0x4e ./Drivers/BSP/Components/vl53l5cx/vl53l5cx.o
                0x08003cc6                VL53L5CX_SetAddress
 .text.VL53L5CX_GetAddress
                0x08003d14       0x3a ./Drivers/BSP/Components/vl53l5cx/vl53l5cx.o
                0x08003d14                VL53L5CX_GetAddress
 .text.VL53L5CX_SetPowerMode
                0x08003d4e       0x58 ./Drivers/BSP/Components/vl53l5cx/vl53l5cx.o
                0x08003d4e                VL53L5CX_SetPowerMode
 .text.VL53L5CX_GetPowerMode
                0x08003da6       0x58 ./Drivers/BSP/Components/vl53l5cx/vl53l5cx.o
                0x08003da6                VL53L5CX_GetPowerMode
 .text.vl53l5cx_poll_for_measurement
                0x08003dfe       0x58 ./Drivers/BSP/Components/vl53l5cx/vl53l5cx.o
 *fill*         0x08003e56        0x2 
 .text.vl53l5cx_get_result
                0x08003e58      0x1cc ./Drivers/BSP/Components/vl53l5cx/vl53l5cx.o
 .text.vl53l5cx_map_target_status
                0x08004024       0x3a ./Drivers/BSP/Components/vl53l5cx/vl53l5cx.o
 *fill*         0x0800405e        0x2 
 .text.BSP_PB_Init
                0x08004060       0xa8 ./Drivers/BSP/STM32F4xx_Nucleo/stm32f4xx_nucleo.o
                0x08004060                BSP_PB_Init
 .text.BUTTON_USER_EXTI_Callback
                0x08004108        0xe ./Drivers/BSP/STM32F4xx_Nucleo/stm32f4xx_nucleo.o
 *fill*         0x08004116        0x2 
 .text.BUTTON_USER_GPIO_Init
                0x08004118       0x7c ./Drivers/BSP/STM32F4xx_Nucleo/stm32f4xx_nucleo.o
 .text.BSP_COM_Init
                0x08004194       0x7c ./Drivers/BSP/STM32F4xx_Nucleo/stm32f4xx_nucleo.o
                0x08004194                BSP_COM_Init
 .text.MX_USART2_UART_Init
                0x08004210       0x5c ./Drivers/BSP/STM32F4xx_Nucleo/stm32f4xx_nucleo.o
                0x08004210                MX_USART2_UART_Init
 .text.__io_putchar
                0x0800426c       0x38 ./Drivers/BSP/STM32F4xx_Nucleo/stm32f4xx_nucleo.o
                0x0800426c                __io_putchar
 .text.USART2_MspInit
                0x080042a4       0x90 ./Drivers/BSP/STM32F4xx_Nucleo/stm32f4xx_nucleo.o
 .text.HAL_Init
                0x08004334       0x44 ./Drivers/STM32F4xx_HAL_Driver/Src/stm32f4xx_hal.o
                0x08004334                HAL_Init
 .text.HAL_InitTick
                0x08004378       0x60 ./Drivers/STM32F4xx_HAL_Driver/Src/stm32f4xx_hal.o
                0x08004378                HAL_InitTick
 .text.HAL_IncTick
                0x080043d8       0x28 ./Drivers/STM32F4xx_HAL_Driver/Src/stm32f4xx_hal.o
                0x080043d8                HAL_IncTick
 .text.HAL_GetTick
                0x08004400       0x18 ./Drivers/STM32F4xx_HAL_Driver/Src/stm32f4xx_hal.o
                0x08004400                HAL_GetTick
 .text.HAL_Delay
                0x08004418       0x48 ./Drivers/STM32F4xx_HAL_Driver/Src/stm32f4xx_hal.o
                0x08004418                HAL_Delay
 .text.__NVIC_SetPriorityGrouping
                0x08004460       0x48 ./Drivers/STM32F4xx_HAL_Driver/Src/stm32f4xx_hal_cortex.o
 .text.__NVIC_GetPriorityGrouping
                0x080044a8       0x1c ./Drivers/STM32F4xx_HAL_Driver/Src/stm32f4xx_hal_cortex.o
 .text.__NVIC_EnableIRQ
                0x080044c4       0x3c ./Drivers/STM32F4xx_HAL_Driver/Src/stm32f4xx_hal_cortex.o
 .text.__NVIC_SetPriority
                0x08004500       0x54 ./Drivers/STM32F4xx_HAL_Driver/Src/stm32f4xx_hal_cortex.o
 .text.NVIC_EncodePriority
                0x08004554       0x66 ./Drivers/STM32F4xx_HAL_Driver/Src/stm32f4xx_hal_cortex.o
 *fill*         0x080045ba        0x2 
 .text.SysTick_Config
                0x080045bc       0x44 ./Drivers/STM32F4xx_HAL_Driver/Src/stm32f4xx_hal_cortex.o
 .text.HAL_NVIC_SetPriorityGrouping
                0x08004600       0x16 ./Drivers/STM32F4xx_HAL_Driver/Src/stm32f4xx_hal_cortex.o
                0x08004600                HAL_NVIC_SetPriorityGrouping
 .text.HAL_NVIC_SetPriority
                0x08004616       0x38 ./Drivers/STM32F4xx_HAL_Driver/Src/stm32f4xx_hal_cortex.o
                0x08004616                HAL_NVIC_SetPriority
 .text.HAL_NVIC_EnableIRQ
                0x0800464e       0x1c ./Drivers/STM32F4xx_HAL_Driver/Src/stm32f4xx_hal_cortex.o
                0x0800464e                HAL_NVIC_EnableIRQ
 .text.HAL_SYSTICK_Config
                0x0800466a       0x18 ./Drivers/STM32F4xx_HAL_Driver/Src/stm32f4xx_hal_cortex.o
                0x0800466a                HAL_SYSTICK_Config
 .text.HAL_EXTI_RegisterCallback
                0x08004682       0x34 ./Drivers/STM32F4xx_HAL_Driver/Src/stm32f4xx_hal_exti.o
                0x08004682                HAL_EXTI_RegisterCallback
 .text.HAL_EXTI_GetHandle
                0x080046b6       0x28 ./Drivers/STM32F4xx_HAL_Driver/Src/stm32f4xx_hal_exti.o
                0x080046b6                HAL_EXTI_GetHandle
 *fill*         0x080046de        0x2 
 .text.HAL_GPIO_Init
                0x080046e0      0x308 ./Drivers/STM32F4xx_HAL_Driver/Src/stm32f4xx_hal_gpio.o
                0x080046e0                HAL_GPIO_Init
 .text.HAL_GPIO_DeInit
                0x080049e8      0x1c8 ./Drivers/STM32F4xx_HAL_Driver/Src/stm32f4xx_hal_gpio.o
                0x080049e8                HAL_GPIO_DeInit
 .text.HAL_GPIO_WritePin
                0x08004bb0       0x32 ./Drivers/STM32F4xx_HAL_Driver/Src/stm32f4xx_hal_gpio.o
                0x08004bb0                HAL_GPIO_WritePin
 *fill*         0x08004be2        0x2 
 .text.HAL_GPIO_EXTI_IRQHandler
                0x08004be4       0x30 ./Drivers/STM32F4xx_HAL_Driver/Src/stm32f4xx_hal_gpio.o
                0x08004be4                HAL_GPIO_EXTI_IRQHandler
 .text.HAL_I2C_Init
                0x08004c14      0x288 ./Drivers/STM32F4xx_HAL_Driver/Src/stm32f4xx_hal_i2c.o
                0x08004c14                HAL_I2C_Init
 .text.HAL_I2C_DeInit
                0x08004e9c       0x5e ./Drivers/STM32F4xx_HAL_Driver/Src/stm32f4xx_hal_i2c.o
                0x08004e9c                HAL_I2C_DeInit
 .text.HAL_I2C_MspInit
                0x08004efa       0x14 ./Drivers/STM32F4xx_HAL_Driver/Src/stm32f4xx_hal_i2c.o
                0x08004efa                HAL_I2C_MspInit
 .text.HAL_I2C_MspDeInit
                0x08004f0e       0x14 ./Drivers/STM32F4xx_HAL_Driver/Src/stm32f4xx_hal_i2c.o
                0x08004f0e                HAL_I2C_MspDeInit
 *fill*         0x08004f22        0x2 
 .text.HAL_I2C_Mem_Write
                0x08004f24      0x1f4 ./Drivers/STM32F4xx_HAL_Driver/Src/stm32f4xx_hal_i2c.o
                0x08004f24                HAL_I2C_Mem_Write
 .text.HAL_I2C_Mem_Read
                0x08005118      0x464 ./Drivers/STM32F4xx_HAL_Driver/Src/stm32f4xx_hal_i2c.o
                0x08005118                HAL_I2C_Mem_Read
 .text.HAL_I2C_GetState
                0x0800557c       0x1c ./Drivers/STM32F4xx_HAL_Driver/Src/stm32f4xx_hal_i2c.o
                0x0800557c                HAL_I2C_GetState
 .text.HAL_I2C_GetError
                0x08005598       0x18 ./Drivers/STM32F4xx_HAL_Driver/Src/stm32f4xx_hal_i2c.o
                0x08005598                HAL_I2C_GetError
 .text.I2C_RequestMemoryWrite
                0x080055b0      0x12c ./Drivers/STM32F4xx_HAL_Driver/Src/stm32f4xx_hal_i2c.o
 .text.I2C_RequestMemoryRead
                0x080056dc      0x1d0 ./Drivers/STM32F4xx_HAL_Driver/Src/stm32f4xx_hal_i2c.o
 .text.I2C_WaitOnFlagUntilTimeout
                0x080058ac       0xf4 ./Drivers/STM32F4xx_HAL_Driver/Src/stm32f4xx_hal_i2c.o
 .text.I2C_WaitOnMasterAddressFlagUntilTimeout
                0x080059a0      0x140 ./Drivers/STM32F4xx_HAL_Driver/Src/stm32f4xx_hal_i2c.o
 .text.I2C_WaitOnTXEFlagUntilTimeout
                0x08005ae0       0x90 ./Drivers/STM32F4xx_HAL_Driver/Src/stm32f4xx_hal_i2c.o
 .text.I2C_WaitOnBTFFlagUntilTimeout
                0x08005b70       0x90 ./Drivers/STM32F4xx_HAL_Driver/Src/stm32f4xx_hal_i2c.o
 .text.I2C_WaitOnRXNEFlagUntilTimeout
                0x08005c00       0xba ./Drivers/STM32F4xx_HAL_Driver/Src/stm32f4xx_hal_i2c.o
 .text.I2C_IsAcknowledgeFailed
                0x08005cba       0x5e ./Drivers/STM32F4xx_HAL_Driver/Src/stm32f4xx_hal_i2c.o
 .text.HAL_RCC_OscConfig
                0x08005d18      0x4f0 ./Drivers/STM32F4xx_HAL_Driver/Src/stm32f4xx_hal_rcc.o
                0x08005d18                HAL_RCC_OscConfig
 .text.HAL_RCC_ClockConfig
                0x08006208      0x1cc ./Drivers/STM32F4xx_HAL_Driver/Src/stm32f4xx_hal_rcc.o
                0x08006208                HAL_RCC_ClockConfig
 .text.HAL_RCC_GetSysClockFreq
                0x080063d4      0x20c ./Drivers/STM32F4xx_HAL_Driver/Src/stm32f4xx_hal_rcc.o
                0x080063d4                HAL_RCC_GetSysClockFreq
 .text.HAL_RCC_GetHCLKFreq
                0x080065e0       0x18 ./Drivers/STM32F4xx_HAL_Driver/Src/stm32f4xx_hal_rcc.o
                0x080065e0                HAL_RCC_GetHCLKFreq
 .text.HAL_RCC_GetPCLK1Freq
                0x080065f8       0x28 ./Drivers/STM32F4xx_HAL_Driver/Src/stm32f4xx_hal_rcc.o
                0x080065f8                HAL_RCC_GetPCLK1Freq
 .text.HAL_RCC_GetPCLK2Freq
                0x08006620       0x28 ./Drivers/STM32F4xx_HAL_Driver/Src/stm32f4xx_hal_rcc.o
                0x08006620                HAL_RCC_GetPCLK2Freq
 .text.HAL_UART_Init
                0x08006648       0xa0 ./Drivers/STM32F4xx_HAL_Driver/Src/stm32f4xx_hal_uart.o
                0x08006648                HAL_UART_Init
 .text.HAL_UART_MspInit
                0x080066e8       0x14 ./Drivers/STM32F4xx_HAL_Driver/Src/stm32f4xx_hal_uart.o
                0x080066e8                HAL_UART_MspInit
 .text.HAL_UART_Transmit
                0x080066fc      0x116 ./Drivers/STM32F4xx_HAL_Driver/Src/stm32f4xx_hal_uart.o
                0x080066fc                HAL_UART_Transmit
 .text.HAL_UART_Receive
                0x08006812      0x12e ./Drivers/STM32F4xx_HAL_Driver/Src/stm32f4xx_hal_uart.o
                0x08006812                HAL_UART_Receive
 .text.UART_WaitOnFlagUntilTimeout
                0x08006940       0xb2 ./Drivers/STM32F4xx_HAL_Driver/Src/stm32f4xx_hal_uart.o
 .text.UART_EndRxTransfer
                0x080069f2       0xc6 ./Drivers/STM32F4xx_HAL_Driver/Src/stm32f4xx_hal_uart.o
 .text.UART_SetConfig
                0x08006ab8      0x4e8 ./Drivers/STM32F4xx_HAL_Driver/Src/stm32f4xx_hal_uart.o
 .text.MX_TOF_Init
                0x08006fa0        0xc ./TOF/App/app_tof.o
                0x08006fa0                MX_TOF_Init
 .text.MX_TOF_Process
                0x08006fac        0xc ./TOF/App/app_tof.o
                0x08006fac                MX_TOF_Process
 .text.MX_53L5A1_SimpleRanging_Init
                0x08006fb8       0xa0 ./TOF/App/app_tof.o
 .text.MX_53L5A1_SimpleRanging_Process
                0x08007058       0xac ./TOF/App/app_tof.o
 .text.print_result
                0x08007104      0x2d4 ./TOF/App/app_tof.o
 .text.toggle_resolution
                0x080073d8       0x68 ./TOF/App/app_tof.o
 .text.toggle_signal_and_ambient
                0x08007440       0x4c ./TOF/App/app_tof.o
 .text.clear_screen
                0x0800748c       0x14 ./TOF/App/app_tof.o
 .text.display_commands_banner
                0x080074a0       0x14 ./TOF/App/app_tof.o
 .text.handle_cmd
                0x080074b4       0x40 ./TOF/App/app_tof.o
 .text.get_key  0x080074f4       0x28 ./TOF/App/app_tof.o
 .text.com_has_data
                0x0800751c       0x28 ./TOF/App/app_tof.o
 .text.BSP_PB_Callback
                0x08007544       0x20 ./TOF/App/app_tof.o
                0x08007544                BSP_PB_Callback
 .text.HAL_GPIO_EXTI_Callback
                0x08007564       0x28 ./TOF/Target/app_tof_pin_conf.o
                0x08007564                HAL_GPIO_EXTI_Callback
 .text.std      0x0800758c       0x6c C:/ST/STM32CubeIDE_1.16.1/STM32CubeIDE/plugins/com.st.stm32cube.ide.mcu.externaltools.gnu-tools-for-stm32.12.3.rel1.win32_1.0.200.202406191623/tools/bin/../lib/gcc/arm-none-eabi/12.3.1/../../../../arm-none-eabi/lib/thumb/v7e-m+fp/hard\libc_nano.a(libc_a-findfp.o)
 .text.stdio_exit_handler
                0x080075f8       0x18 C:/ST/STM32CubeIDE_1.16.1/STM32CubeIDE/plugins/com.st.stm32cube.ide.mcu.externaltools.gnu-tools-for-stm32.12.3.rel1.win32_1.0.200.202406191623/tools/bin/../lib/gcc/arm-none-eabi/12.3.1/../../../../arm-none-eabi/lib/thumb/v7e-m+fp/hard\libc_nano.a(libc_a-findfp.o)
 .text.cleanup_stdio
                0x08007610       0x40 C:/ST/STM32CubeIDE_1.16.1/STM32CubeIDE/plugins/com.st.stm32cube.ide.mcu.externaltools.gnu-tools-for-stm32.12.3.rel1.win32_1.0.200.202406191623/tools/bin/../lib/gcc/arm-none-eabi/12.3.1/../../../../arm-none-eabi/lib/thumb/v7e-m+fp/hard\libc_nano.a(libc_a-findfp.o)
 .text.global_stdio_init.part.0
                0x08007650       0x3c C:/ST/STM32CubeIDE_1.16.1/STM32CubeIDE/plugins/com.st.stm32cube.ide.mcu.externaltools.gnu-tools-for-stm32.12.3.rel1.win32_1.0.200.202406191623/tools/bin/../lib/gcc/arm-none-eabi/12.3.1/../../../../arm-none-eabi/lib/thumb/v7e-m+fp/hard\libc_nano.a(libc_a-findfp.o)
 .text.__sfp_lock_acquire
                0x0800768c        0xc C:/ST/STM32CubeIDE_1.16.1/STM32CubeIDE/plugins/com.st.stm32cube.ide.mcu.externaltools.gnu-tools-for-stm32.12.3.rel1.win32_1.0.200.202406191623/tools/bin/../lib/gcc/arm-none-eabi/12.3.1/../../../../arm-none-eabi/lib/thumb/v7e-m+fp/hard\libc_nano.a(libc_a-findfp.o)
                0x0800768c                __sfp_lock_acquire
 .text.__sfp_lock_release
                0x08007698        0xc C:/ST/STM32CubeIDE_1.16.1/STM32CubeIDE/plugins/com.st.stm32cube.ide.mcu.externaltools.gnu-tools-for-stm32.12.3.rel1.win32_1.0.200.202406191623/tools/bin/../lib/gcc/arm-none-eabi/12.3.1/../../../../arm-none-eabi/lib/thumb/v7e-m+fp/hard\libc_nano.a(libc_a-findfp.o)
                0x08007698                __sfp_lock_release
 .text.__sinit  0x080076a4       0x30 C:/ST/STM32CubeIDE_1.16.1/STM32CubeIDE/plugins/com.st.stm32cube.ide.mcu.externaltools.gnu-tools-for-stm32.12.3.rel1.win32_1.0.200.202406191623/tools/bin/../lib/gcc/arm-none-eabi/12.3.1/../../../../arm-none-eabi/lib/thumb/v7e-m+fp/hard\libc_nano.a(libc_a-findfp.o)
                0x080076a4                __sinit
 .text._fwalk_sglue
                0x080076d4       0x3c C:/ST/STM32CubeIDE_1.16.1/STM32CubeIDE/plugins/com.st.stm32cube.ide.mcu.externaltools.gnu-tools-for-stm32.12.3.rel1.win32_1.0.200.202406191623/tools/bin/../lib/gcc/arm-none-eabi/12.3.1/../../../../arm-none-eabi/lib/thumb/v7e-m+fp/hard\libc_nano.a(libc_a-fwalk.o)
                0x080076d4                _fwalk_sglue
 .text.printf   0x08007710       0x24 C:/ST/STM32CubeIDE_1.16.1/STM32CubeIDE/plugins/com.st.stm32cube.ide.mcu.externaltools.gnu-tools-for-stm32.12.3.rel1.win32_1.0.200.202406191623/tools/bin/../lib/gcc/arm-none-eabi/12.3.1/../../../../arm-none-eabi/lib/thumb/v7e-m+fp/hard\libc_nano.a(libc_a-printf.o)
                0x08007710                iprintf
                0x08007710                printf
 .text.putchar  0x08007734       0x10 C:/ST/STM32CubeIDE_1.16.1/STM32CubeIDE/plugins/com.st.stm32cube.ide.mcu.externaltools.gnu-tools-for-stm32.12.3.rel1.win32_1.0.200.202406191623/tools/bin/../lib/gcc/arm-none-eabi/12.3.1/../../../../arm-none-eabi/lib/thumb/v7e-m+fp/hard\libc_nano.a(libc_a-putchar.o)
                0x08007734                putchar
 .text._puts_r  0x08007744       0xaa C:/ST/STM32CubeIDE_1.16.1/STM32CubeIDE/plugins/com.st.stm32cube.ide.mcu.externaltools.gnu-tools-for-stm32.12.3.rel1.win32_1.0.200.202406191623/tools/bin/../lib/gcc/arm-none-eabi/12.3.1/../../../../arm-none-eabi/lib/thumb/v7e-m+fp/hard\libc_nano.a(libc_a-puts.o)
                0x08007744                _puts_r
 *fill*         0x080077ee        0x2 
 .text.puts     0x080077f0       0x10 C:/ST/STM32CubeIDE_1.16.1/STM32CubeIDE/plugins/com.st.stm32cube.ide.mcu.externaltools.gnu-tools-for-stm32.12.3.rel1.win32_1.0.200.202406191623/tools/bin/../lib/gcc/arm-none-eabi/12.3.1/../../../../arm-none-eabi/lib/thumb/v7e-m+fp/hard\libc_nano.a(libc_a-puts.o)
                0x080077f0                puts
 .text.__sread  0x08007800       0x22 C:/ST/STM32CubeIDE_1.16.1/STM32CubeIDE/plugins/com.st.stm32cube.ide.mcu.externaltools.gnu-tools-for-stm32.12.3.rel1.win32_1.0.200.202406191623/tools/bin/../lib/gcc/arm-none-eabi/12.3.1/../../../../arm-none-eabi/lib/thumb/v7e-m+fp/hard\libc_nano.a(libc_a-stdio.o)
                0x08007800                __sread
 .text.__swrite
                0x08007822       0x38 C:/ST/STM32CubeIDE_1.16.1/STM32CubeIDE/plugins/com.st.stm32cube.ide.mcu.externaltools.gnu-tools-for-stm32.12.3.rel1.win32_1.0.200.202406191623/tools/bin/../lib/gcc/arm-none-eabi/12.3.1/../../../../arm-none-eabi/lib/thumb/v7e-m+fp/hard\libc_nano.a(libc_a-stdio.o)
                0x08007822                __swrite
 .text.__sseek  0x0800785a       0x24 C:/ST/STM32CubeIDE_1.16.1/STM32CubeIDE/plugins/com.st.stm32cube.ide.mcu.externaltools.gnu-tools-for-stm32.12.3.rel1.win32_1.0.200.202406191623/tools/bin/../lib/gcc/arm-none-eabi/12.3.1/../../../../arm-none-eabi/lib/thumb/v7e-m+fp/hard\libc_nano.a(libc_a-stdio.o)
                0x0800785a                __sseek
 .text.__sclose
                0x0800787e        0x8 C:/ST/STM32CubeIDE_1.16.1/STM32CubeIDE/plugins/com.st.stm32cube.ide.mcu.externaltools.gnu-tools-for-stm32.12.3.rel1.win32_1.0.200.202406191623/tools/bin/../lib/gcc/arm-none-eabi/12.3.1/../../../../arm-none-eabi/lib/thumb/v7e-m+fp/hard\libc_nano.a(libc_a-stdio.o)
                0x0800787e                __sclose
 .text.__swbuf_r
                0x08007886       0x7c C:/ST/STM32CubeIDE_1.16.1/STM32CubeIDE/plugins/com.st.stm32cube.ide.mcu.externaltools.gnu-tools-for-stm32.12.3.rel1.win32_1.0.200.202406191623/tools/bin/../lib/gcc/arm-none-eabi/12.3.1/../../../../arm-none-eabi/lib/thumb/v7e-m+fp/hard\libc_nano.a(libc_a-wbuf.o)
                0x08007886                __swbuf_r
 *fill*         0x08007902        0x2 
 .text.__swsetup_r
                0x08007904       0xac C:/ST/STM32CubeIDE_1.16.1/STM32CubeIDE/plugins/com.st.stm32cube.ide.mcu.externaltools.gnu-tools-for-stm32.12.3.rel1.win32_1.0.200.202406191623/tools/bin/../lib/gcc/arm-none-eabi/12.3.1/../../../../arm-none-eabi/lib/thumb/v7e-m+fp/hard\libc_nano.a(libc_a-wsetup.o)
                0x08007904                __swsetup_r
 .text.memset   0x080079b0       0x10 C:/ST/STM32CubeIDE_1.16.1/STM32CubeIDE/plugins/com.st.stm32cube.ide.mcu.externaltools.gnu-tools-for-stm32.12.3.rel1.win32_1.0.200.202406191623/tools/bin/../lib/gcc/arm-none-eabi/12.3.1/../../../../arm-none-eabi/lib/thumb/v7e-m+fp/hard\libc_nano.a(libc_a-memset.o)
                0x080079b0                memset
 .text._close_r
                0x080079c0       0x20 C:/ST/STM32CubeIDE_1.16.1/STM32CubeIDE/plugins/com.st.stm32cube.ide.mcu.externaltools.gnu-tools-for-stm32.12.3.rel1.win32_1.0.200.202406191623/tools/bin/../lib/gcc/arm-none-eabi/12.3.1/../../../../arm-none-eabi/lib/thumb/v7e-m+fp/hard\libc_nano.a(libc_a-closer.o)
                0x080079c0                _close_r
 .text._lseek_r
                0x080079e0       0x24 C:/ST/STM32CubeIDE_1.16.1/STM32CubeIDE/plugins/com.st.stm32cube.ide.mcu.externaltools.gnu-tools-for-stm32.12.3.rel1.win32_1.0.200.202406191623/tools/bin/../lib/gcc/arm-none-eabi/12.3.1/../../../../arm-none-eabi/lib/thumb/v7e-m+fp/hard\libc_nano.a(libc_a-lseekr.o)
                0x080079e0                _lseek_r
 .text._read_r  0x08007a04       0x24 C:/ST/STM32CubeIDE_1.16.1/STM32CubeIDE/plugins/com.st.stm32cube.ide.mcu.externaltools.gnu-tools-for-stm32.12.3.rel1.win32_1.0.200.202406191623/tools/bin/../lib/gcc/arm-none-eabi/12.3.1/../../../../arm-none-eabi/lib/thumb/v7e-m+fp/hard\libc_nano.a(libc_a-readr.o)
                0x08007a04                _read_r
 .text._write_r
                0x08007a28       0x24 C:/ST/STM32CubeIDE_1.16.1/STM32CubeIDE/plugins/com.st.stm32cube.ide.mcu.externaltools.gnu-tools-for-stm32.12.3.rel1.win32_1.0.200.202406191623/tools/bin/../lib/gcc/arm-none-eabi/12.3.1/../../../../arm-none-eabi/lib/thumb/v7e-m+fp/hard\libc_nano.a(libc_a-writer.o)
                0x08007a28                _write_r
 .text.__errno  0x08007a4c        0xc C:/ST/STM32CubeIDE_1.16.1/STM32CubeIDE/plugins/com.st.stm32cube.ide.mcu.externaltools.gnu-tools-for-stm32.12.3.rel1.win32_1.0.200.202406191623/tools/bin/../lib/gcc/arm-none-eabi/12.3.1/../../../../arm-none-eabi/lib/thumb/v7e-m+fp/hard\libc_nano.a(libc_a-errno.o)
                0x08007a4c                __errno
 .text.__libc_init_array
                0x08007a58       0x48 C:/ST/STM32CubeIDE_1.16.1/STM32CubeIDE/plugins/com.st.stm32cube.ide.mcu.externaltools.gnu-tools-for-stm32.12.3.rel1.win32_1.0.200.202406191623/tools/bin/../lib/gcc/arm-none-eabi/12.3.1/../../../../arm-none-eabi/lib/thumb/v7e-m+fp/hard\libc_nano.a(libc_a-init.o)
                0x08007a58                __libc_init_array
 .text.__retarget_lock_init_recursive
                0x08007aa0        0x2 C:/ST/STM32CubeIDE_1.16.1/STM32CubeIDE/plugins/com.st.stm32cube.ide.mcu.externaltools.gnu-tools-for-stm32.12.3.rel1.win32_1.0.200.202406191623/tools/bin/../lib/gcc/arm-none-eabi/12.3.1/../../../../arm-none-eabi/lib/thumb/v7e-m+fp/hard\libc_nano.a(libc_a-lock.o)
                0x08007aa0                __retarget_lock_init_recursive
 .text.__retarget_lock_acquire_recursive
                0x08007aa2        0x2 C:/ST/STM32CubeIDE_1.16.1/STM32CubeIDE/plugins/com.st.stm32cube.ide.mcu.externaltools.gnu-tools-for-stm32.12.3.rel1.win32_1.0.200.202406191623/tools/bin/../lib/gcc/arm-none-eabi/12.3.1/../../../../arm-none-eabi/lib/thumb/v7e-m+fp/hard\libc_nano.a(libc_a-lock.o)
                0x08007aa2                __retarget_lock_acquire_recursive
 .text.__retarget_lock_release_recursive
                0x08007aa4        0x2 C:/ST/STM32CubeIDE_1.16.1/STM32CubeIDE/plugins/com.st.stm32cube.ide.mcu.externaltools.gnu-tools-for-stm32.12.3.rel1.win32_1.0.200.202406191623/tools/bin/../lib/gcc/arm-none-eabi/12.3.1/../../../../arm-none-eabi/lib/thumb/v7e-m+fp/hard\libc_nano.a(libc_a-lock.o)
                0x08007aa4                __retarget_lock_release_recursive
 .text.memcpy   0x08007aa6       0x1c C:/ST/STM32CubeIDE_1.16.1/STM32CubeIDE/plugins/com.st.stm32cube.ide.mcu.externaltools.gnu-tools-for-stm32.12.3.rel1.win32_1.0.200.202406191623/tools/bin/../lib/gcc/arm-none-eabi/12.3.1/../../../../arm-none-eabi/lib/thumb/v7e-m+fp/hard\libc_nano.a(libc_a-memcpy-stub.o)
                0x08007aa6                memcpy
 *fill*         0x08007ac2        0x2 
 .text._free_r  0x08007ac4       0x94 C:/ST/STM32CubeIDE_1.16.1/STM32CubeIDE/plugins/com.st.stm32cube.ide.mcu.externaltools.gnu-tools-for-stm32.12.3.rel1.win32_1.0.200.202406191623/tools/bin/../lib/gcc/arm-none-eabi/12.3.1/../../../../arm-none-eabi/lib/thumb/v7e-m+fp/hard\libc_nano.a(libc_a-freer.o)
                0x08007ac4                _free_r
 .text.sbrk_aligned
                0x08007b58       0x44 C:/ST/STM32CubeIDE_1.16.1/STM32CubeIDE/plugins/com.st.stm32cube.ide.mcu.externaltools.gnu-tools-for-stm32.12.3.rel1.win32_1.0.200.202406191623/tools/bin/../lib/gcc/arm-none-eabi/12.3.1/../../../../arm-none-eabi/lib/thumb/v7e-m+fp/hard\libc_nano.a(libc_a-mallocr.o)
 .text._malloc_r
                0x08007b9c      0x100 C:/ST/STM32CubeIDE_1.16.1/STM32CubeIDE/plugins/com.st.stm32cube.ide.mcu.externaltools.gnu-tools-for-stm32.12.3.rel1.win32_1.0.200.202406191623/tools/bin/../lib/gcc/arm-none-eabi/12.3.1/../../../../arm-none-eabi/lib/thumb/v7e-m+fp/hard\libc_nano.a(libc_a-mallocr.o)
                0x08007b9c                _malloc_r
 .text.__malloc_lock
                0x08007c9c        0xc C:/ST/STM32CubeIDE_1.16.1/STM32CubeIDE/plugins/com.st.stm32cube.ide.mcu.externaltools.gnu-tools-for-stm32.12.3.rel1.win32_1.0.200.202406191623/tools/bin/../lib/gcc/arm-none-eabi/12.3.1/../../../../arm-none-eabi/lib/thumb/v7e-m+fp/hard\libc_nano.a(libc_a-mlock.o)
                0x08007c9c                __malloc_lock
 .text.__malloc_unlock
                0x08007ca8        0xc C:/ST/STM32CubeIDE_1.16.1/STM32CubeIDE/plugins/com.st.stm32cube.ide.mcu.externaltools.gnu-tools-for-stm32.12.3.rel1.win32_1.0.200.202406191623/tools/bin/../lib/gcc/arm-none-eabi/12.3.1/../../../../arm-none-eabi/lib/thumb/v7e-m+fp/hard\libc_nano.a(libc_a-mlock.o)
                0x08007ca8                __malloc_unlock
 .text.__sfputc_r
                0x08007cb4       0x2e C:/ST/STM32CubeIDE_1.16.1/STM32CubeIDE/plugins/com.st.stm32cube.ide.mcu.externaltools.gnu-tools-for-stm32.12.3.rel1.win32_1.0.200.202406191623/tools/bin/../lib/gcc/arm-none-eabi/12.3.1/../../../../arm-none-eabi/lib/thumb/v7e-m+fp/hard\libc_nano.a(libc_a-nano-vfprintf.o)
 .text.__sfputs_r
                0x08007ce2       0x24 C:/ST/STM32CubeIDE_1.16.1/STM32CubeIDE/plugins/com.st.stm32cube.ide.mcu.externaltools.gnu-tools-for-stm32.12.3.rel1.win32_1.0.200.202406191623/tools/bin/../lib/gcc/arm-none-eabi/12.3.1/../../../../arm-none-eabi/lib/thumb/v7e-m+fp/hard\libc_nano.a(libc_a-nano-vfprintf.o)
                0x08007ce2                __sfputs_r
 *fill*         0x08007d06        0x2 
 .text._vfprintf_r
                0x08007d08      0x230 C:/ST/STM32CubeIDE_1.16.1/STM32CubeIDE/plugins/com.st.stm32cube.ide.mcu.externaltools.gnu-tools-for-stm32.12.3.rel1.win32_1.0.200.202406191623/tools/bin/../lib/gcc/arm-none-eabi/12.3.1/../../../../arm-none-eabi/lib/thumb/v7e-m+fp/hard\libc_nano.a(libc_a-nano-vfprintf.o)
                0x08007d08                _vfprintf_r
                0x08007d08                _vfiprintf_r
 .text._printf_common
                0x08007f38       0xda C:/ST/STM32CubeIDE_1.16.1/STM32CubeIDE/plugins/com.st.stm32cube.ide.mcu.externaltools.gnu-tools-for-stm32.12.3.rel1.win32_1.0.200.202406191623/tools/bin/../lib/gcc/arm-none-eabi/12.3.1/../../../../arm-none-eabi/lib/thumb/v7e-m+fp/hard\libc_nano.a(libc_a-nano-vfprintf_i.o)
                0x08007f38                _printf_common
 *fill*         0x08008012        0x2 
 .text._printf_i
                0x08008014      0x240 C:/ST/STM32CubeIDE_1.16.1/STM32CubeIDE/plugins/com.st.stm32cube.ide.mcu.externaltools.gnu-tools-for-stm32.12.3.rel1.win32_1.0.200.202406191623/tools/bin/../lib/gcc/arm-none-eabi/12.3.1/../../../../arm-none-eabi/lib/thumb/v7e-m+fp/hard\libc_nano.a(libc_a-nano-vfprintf_i.o)
                0x08008014                _printf_i
 .text.__sflush_r
                0x08008254      0x108 C:/ST/STM32CubeIDE_1.16.1/STM32CubeIDE/plugins/com.st.stm32cube.ide.mcu.externaltools.gnu-tools-for-stm32.12.3.rel1.win32_1.0.200.202406191623/tools/bin/../lib/gcc/arm-none-eabi/12.3.1/../../../../arm-none-eabi/lib/thumb/v7e-m+fp/hard\libc_nano.a(libc_a-fflush.o)
                0x08008254                __sflush_r
 .text._fflush_r
                0x0800835c       0x50 C:/ST/STM32CubeIDE_1.16.1/STM32CubeIDE/plugins/com.st.stm32cube.ide.mcu.externaltools.gnu-tools-for-stm32.12.3.rel1.win32_1.0.200.202406191623/tools/bin/../lib/gcc/arm-none-eabi/12.3.1/../../../../arm-none-eabi/lib/thumb/v7e-m+fp/hard\libc_nano.a(libc_a-fflush.o)
                0x0800835c                _fflush_r
 .text.__swhatbuf_r
                0x080083ac       0x4c C:/ST/STM32CubeIDE_1.16.1/STM32CubeIDE/plugins/com.st.stm32cube.ide.mcu.externaltools.gnu-tools-for-stm32.12.3.rel1.win32_1.0.200.202406191623/tools/bin/../lib/gcc/arm-none-eabi/12.3.1/../../../../arm-none-eabi/lib/thumb/v7e-m+fp/hard\libc_nano.a(libc_a-makebuf.o)
                0x080083ac                __swhatbuf_r
 .text.__smakebuf_r
                0x080083f8       0x78 C:/ST/STM32CubeIDE_1.16.1/STM32CubeIDE/plugins/com.st.stm32cube.ide.mcu.externaltools.gnu-tools-for-stm32.12.3.rel1.win32_1.0.200.202406191623/tools/bin/../lib/gcc/arm-none-eabi/12.3.1/../../../../arm-none-eabi/lib/thumb/v7e-m+fp/hard\libc_nano.a(libc_a-makebuf.o)
                0x080083f8                __smakebuf_r
 .text._putc_r  0x08008470       0x68 C:/ST/STM32CubeIDE_1.16.1/STM32CubeIDE/plugins/com.st.stm32cube.ide.mcu.externaltools.gnu-tools-for-stm32.12.3.rel1.win32_1.0.200.202406191623/tools/bin/../lib/gcc/arm-none-eabi/12.3.1/../../../../arm-none-eabi/lib/thumb/v7e-m+fp/hard\libc_nano.a(libc_a-putc.o)
                0x08008470                _putc_r
 .text._fstat_r
                0x080084d8       0x24 C:/ST/STM32CubeIDE_1.16.1/STM32CubeIDE/plugins/com.st.stm32cube.ide.mcu.externaltools.gnu-tools-for-stm32.12.3.rel1.win32_1.0.200.202406191623/tools/bin/../lib/gcc/arm-none-eabi/12.3.1/../../../../arm-none-eabi/lib/thumb/v7e-m+fp/hard\libc_nano.a(libc_a-fstatr.o)
                0x080084d8                _fstat_r
 .text._isatty_r
                0x080084fc       0x20 C:/ST/STM32CubeIDE_1.16.1/STM32CubeIDE/plugins/com.st.stm32cube.ide.mcu.externaltools.gnu-tools-for-stm32.12.3.rel1.win32_1.0.200.202406191623/tools/bin/../lib/gcc/arm-none-eabi/12.3.1/../../../../arm-none-eabi/lib/thumb/v7e-m+fp/hard\libc_nano.a(libc_a-isattyr.o)
                0x080084fc                _isatty_r
 .text._sbrk_r  0x0800851c       0x20 C:/ST/STM32CubeIDE_1.16.1/STM32CubeIDE/plugins/com.st.stm32cube.ide.mcu.externaltools.gnu-tools-for-stm32.12.3.rel1.win32_1.0.200.202406191623/tools/bin/../lib/gcc/arm-none-eabi/12.3.1/../../../../arm-none-eabi/lib/thumb/v7e-m+fp/hard\libc_nano.a(libc_a-sbrkr.o)
                0x0800851c                _sbrk_r
 *(.glue_7)
 .glue_7        0x0800853c        0x0 linker stubs
 *(.glue_7t)
 .glue_7t       0x0800853c        0x0 linker stubs
 *(.eh_frame)
 .eh_frame      0x0800853c        0x0 C:/ST/STM32CubeIDE_1.16.1/STM32CubeIDE/plugins/com.st.stm32cube.ide.mcu.externaltools.gnu-tools-for-stm32.12.3.rel1.win32_1.0.200.202406191623/tools/bin/../lib/gcc/arm-none-eabi/12.3.1/thumb/v7e-m+fp/hard/crtbegin.o
 *(.init)
 .init          0x0800853c        0x4 C:/ST/STM32CubeIDE_1.16.1/STM32CubeIDE/plugins/com.st.stm32cube.ide.mcu.externaltools.gnu-tools-for-stm32.12.3.rel1.win32_1.0.200.202406191623/tools/bin/../lib/gcc/arm-none-eabi/12.3.1/thumb/v7e-m+fp/hard/crti.o
                0x0800853c                _init
 .init          0x08008540        0x8 C:/ST/STM32CubeIDE_1.16.1/STM32CubeIDE/plugins/com.st.stm32cube.ide.mcu.externaltools.gnu-tools-for-stm32.12.3.rel1.win32_1.0.200.202406191623/tools/bin/../lib/gcc/arm-none-eabi/12.3.1/thumb/v7e-m+fp/hard/crtn.o
 *(.fini)
 .fini          0x08008548        0x4 C:/ST/STM32CubeIDE_1.16.1/STM32CubeIDE/plugins/com.st.stm32cube.ide.mcu.externaltools.gnu-tools-for-stm32.12.3.rel1.win32_1.0.200.202406191623/tools/bin/../lib/gcc/arm-none-eabi/12.3.1/thumb/v7e-m+fp/hard/crti.o
                0x08008548                _fini
 .fini          0x0800854c        0x8 C:/ST/STM32CubeIDE_1.16.1/STM32CubeIDE/plugins/com.st.stm32cube.ide.mcu.externaltools.gnu-tools-for-stm32.12.3.rel1.win32_1.0.200.202406191623/tools/bin/../lib/gcc/arm-none-eabi/12.3.1/thumb/v7e-m+fp/hard/crtn.o
                0x08008554                        . = ALIGN (0x4)
                0x08008554                        _etext = .

.vfp11_veneer   0x08008554        0x0
 .vfp11_veneer  0x08008554        0x0 linker stubs

.v4_bx          0x08008554        0x0
 .v4_bx         0x08008554        0x0 linker stubs

.iplt           0x08008554        0x0
 .iplt          0x08008554        0x0 C:/ST/STM32CubeIDE_1.16.1/STM32CubeIDE/plugins/com.st.stm32cube.ide.mcu.externaltools.gnu-tools-for-stm32.12.3.rel1.win32_1.0.200.202406191623/tools/bin/../lib/gcc/arm-none-eabi/12.3.1/thumb/v7e-m+fp/hard/crtbegin.o

.rodata         0x08008554    0x1593c
                0x08008554                        . = ALIGN (0x4)
 *(.rodata)
 .rodata        0x08008554       0x6c ./Drivers/BSP/Components/vl53l5cx/modules/vl53l5cx_api.o
 .rodata        0x080085c0        0x8 ./Drivers/BSP/Components/vl53l5cx/modules/vl53l5cx_plugin_detection_thresholds.o
 .rodata        0x080085c8      0x16e ./TOF/App/app_tof.o
 *(.rodata*)
 *fill*         0x08008736        0x2 
 .rodata.AHBPrescTable
                0x08008738       0x10 ./Core/Src/system_stm32f4xx.o
                0x08008738                AHBPrescTable
 .rodata.APBPrescTable
                0x08008748        0x8 ./Core/Src/system_stm32f4xx.o
                0x08008748                APBPrescTable
 .rodata.VL53L5CX_FIRMWARE
                0x08008750    0x15000 ./Drivers/BSP/Components/vl53l5cx/modules/vl53l5cx_api.o
                0x08008750                VL53L5CX_FIRMWARE
 .rodata.VL53L5CX_DEFAULT_CONFIGURATION
                0x0801d750      0x3cc ./Drivers/BSP/Components/vl53l5cx/modules/vl53l5cx_api.o
                0x0801d750                VL53L5CX_DEFAULT_CONFIGURATION
 .rodata.VL53L5CX_DEFAULT_XTALK
                0x0801db1c      0x308 ./Drivers/BSP/Components/vl53l5cx/modules/vl53l5cx_api.o
                0x0801db1c                VL53L5CX_DEFAULT_XTALK
 .rodata.VL53L5CX_GET_NVM_CMD
                0x0801de24       0x28 ./Drivers/BSP/Components/vl53l5cx/modules/vl53l5cx_api.o
                0x0801de24                VL53L5CX_GET_NVM_CMD
 .rodata.ButtonGpioInit.3
                0x0801de4c        0x4 ./Drivers/BSP/STM32F4xx_Nucleo/stm32f4xx_nucleo.o
 .rodata.BUTTON_EXTI_LINE.2
                0x0801de50        0x4 ./Drivers/BSP/STM32F4xx_Nucleo/stm32f4xx_nucleo.o
 .rodata.ButtonCallback.1
                0x0801de54        0x4 ./Drivers/BSP/STM32F4xx_Nucleo/stm32f4xx_nucleo.o
 .rodata.BSP_BUTTON_PRIO.0
                0x0801de58        0x4 ./Drivers/BSP/STM32F4xx_Nucleo/stm32f4xx_nucleo.o
 .rodata._vfprintf_r.str1.1
                0x0801de5c       0x11 C:/ST/STM32CubeIDE_1.16.1/STM32CubeIDE/plugins/com.st.stm32cube.ide.mcu.externaltools.gnu-tools-for-stm32.12.3.rel1.win32_1.0.200.202406191623/tools/bin/../lib/gcc/arm-none-eabi/12.3.1/../../../../arm-none-eabi/lib/thumb/v7e-m+fp/hard\libc_nano.a(libc_a-nano-vfprintf.o)
 .rodata._printf_i.str1.1
                0x0801de6d       0x22 C:/ST/STM32CubeIDE_1.16.1/STM32CubeIDE/plugins/com.st.stm32cube.ide.mcu.externaltools.gnu-tools-for-stm32.12.3.rel1.win32_1.0.200.202406191623/tools/bin/../lib/gcc/arm-none-eabi/12.3.1/../../../../arm-none-eabi/lib/thumb/v7e-m+fp/hard\libc_nano.a(libc_a-nano-vfprintf_i.o)
                0x0801de90                        . = ALIGN (0x4)
 *fill*         0x0801de8f        0x1 

.ARM.extab      0x0801de90        0x0
                0x0801de90                        . = ALIGN (0x4)
 *(.ARM.extab* .gnu.linkonce.armextab.*)
                0x0801de90                        . = ALIGN (0x4)

.ARM            0x0801de90        0x8
                0x0801de90                        . = ALIGN (0x4)
                0x0801de90                        __exidx_start = .
 *(.ARM.exidx*)
 .ARM.exidx     0x0801de90        0x8 C:/ST/STM32CubeIDE_1.16.1/STM32CubeIDE/plugins/com.st.stm32cube.ide.mcu.externaltools.gnu-tools-for-stm32.12.3.rel1.win32_1.0.200.202406191623/tools/bin/../lib/gcc/arm-none-eabi/12.3.1/../../../../arm-none-eabi/lib/thumb/v7e-m+fp/hard\libc_nano.a(libc_a-memchr.o)
 .ARM.exidx     0x0801de98        0x0 C:/ST/STM32CubeIDE_1.16.1/STM32CubeIDE/plugins/com.st.stm32cube.ide.mcu.externaltools.gnu-tools-for-stm32.12.3.rel1.win32_1.0.200.202406191623/tools/bin/../lib/gcc/arm-none-eabi/12.3.1/thumb/v7e-m+fp/hard\libgcc.a(_udivmoddi4.o)
                                  0x8 (size before relaxing)
                0x0801de98                        __exidx_end = .
                0x0801de98                        . = ALIGN (0x4)

.preinit_array  0x0801de98        0x0
                0x0801de98                        . = ALIGN (0x4)
                0x0801de98                        PROVIDE (__preinit_array_start = .)
 *(.preinit_array*)
                0x0801de98                        PROVIDE (__preinit_array_end = .)
                0x0801de98                        . = ALIGN (0x4)

.init_array     0x0801de98        0x4
                0x0801de98                        . = ALIGN (0x4)
                0x0801de98                        PROVIDE (__init_array_start = .)
 *(SORT_BY_NAME(.init_array.*))
 *(.init_array*)
 .init_array    0x0801de98        0x4 C:/ST/STM32CubeIDE_1.16.1/STM32CubeIDE/plugins/com.st.stm32cube.ide.mcu.externaltools.gnu-tools-for-stm32.12.3.rel1.win32_1.0.200.202406191623/tools/bin/../lib/gcc/arm-none-eabi/12.3.1/thumb/v7e-m+fp/hard/crtbegin.o
                0x0801de9c                        PROVIDE (__init_array_end = .)
                0x0801de9c                        . = ALIGN (0x4)

.fini_array     0x0801de9c        0x4
                0x0801de9c                        . = ALIGN (0x4)
                [!provide]                        PROVIDE (__fini_array_start = .)
 *(SORT_BY_NAME(.fini_array.*))
 *(.fini_array*)
 .fini_array    0x0801de9c        0x4 C:/ST/STM32CubeIDE_1.16.1/STM32CubeIDE/plugins/com.st.stm32cube.ide.mcu.externaltools.gnu-tools-for-stm32.12.3.rel1.win32_1.0.200.202406191623/tools/bin/../lib/gcc/arm-none-eabi/12.3.1/thumb/v7e-m+fp/hard/crtbegin.o
                [!provide]                        PROVIDE (__fini_array_end = .)
                0x0801dea0                        . = ALIGN (0x4)
                0x0801dea0                        _sidata = LOADADDR (.data)

.rel.dyn        0x0801dea0        0x0
 .rel.iplt      0x0801dea0        0x0 C:/ST/STM32CubeIDE_1.16.1/STM32CubeIDE/plugins/com.st.stm32cube.ide.mcu.externaltools.gnu-tools-for-stm32.12.3.rel1.win32_1.0.200.202406191623/tools/bin/../lib/gcc/arm-none-eabi/12.3.1/thumb/v7e-m+fp/hard/crtbegin.o

.data           0x20000000       0xac load address 0x0801dea0
                0x20000000                        . = ALIGN (0x4)
                0x20000000                        _sdata = .
 *(.data)
 *(.data*)
 .data.SystemCoreClock
                0x20000000        0x4 ./Core/Src/system_stm32f4xx.o
                0x20000000                SystemCoreClock
 .data.VL53L5CX_RANGING_SENSOR_Driver
                0x20000004       0x38 ./Drivers/BSP/Components/vl53l5cx/vl53l5cx.o
                0x20000004                VL53L5CX_RANGING_SENSOR_Driver
 .data.hpb_exti
                0x2000003c        0x8 ./Drivers/BSP/STM32F4xx_Nucleo/stm32f4xx_nucleo.o
                0x2000003c                hpb_exti
 .data.COM_USART
                0x20000044        0x4 ./Drivers/BSP/STM32F4xx_Nucleo/stm32f4xx_nucleo.o
                0x20000044                COM_USART
 .data.uwTickPrio
                0x20000048        0x4 ./Drivers/STM32F4xx_HAL_Driver/Src/stm32f4xx_hal.o
                0x20000048                uwTickPrio
 .data.uwTickFreq
                0x2000004c        0x1 ./Drivers/STM32F4xx_HAL_Driver/Src/stm32f4xx_hal.o
                0x2000004c                uwTickFreq
 *fill*         0x2000004d        0x3 
 .data.__sglue  0x20000050        0xc C:/ST/STM32CubeIDE_1.16.1/STM32CubeIDE/plugins/com.st.stm32cube.ide.mcu.externaltools.gnu-tools-for-stm32.12.3.rel1.win32_1.0.200.202406191623/tools/bin/../lib/gcc/arm-none-eabi/12.3.1/../../../../arm-none-eabi/lib/thumb/v7e-m+fp/hard\libc_nano.a(libc_a-findfp.o)
                0x20000050                __sglue
 .data._impure_ptr
                0x2000005c        0x4 C:/ST/STM32CubeIDE_1.16.1/STM32CubeIDE/plugins/com.st.stm32cube.ide.mcu.externaltools.gnu-tools-for-stm32.12.3.rel1.win32_1.0.200.202406191623/tools/bin/../lib/gcc/arm-none-eabi/12.3.1/../../../../arm-none-eabi/lib/thumb/v7e-m+fp/hard\libc_nano.a(libc_a-impure.o)
                0x2000005c                _impure_ptr
 .data._impure_data
                0x20000060       0x4c C:/ST/STM32CubeIDE_1.16.1/STM32CubeIDE/plugins/com.st.stm32cube.ide.mcu.externaltools.gnu-tools-for-stm32.12.3.rel1.win32_1.0.200.202406191623/tools/bin/../lib/gcc/arm-none-eabi/12.3.1/../../../../arm-none-eabi/lib/thumb/v7e-m+fp/hard\libc_nano.a(libc_a-impure.o)
                0x20000060                _impure_data
 *(.RamFunc)
 *(.RamFunc*)
                0x200000ac                        . = ALIGN (0x4)
                0x200000ac                        _edata = .

.igot.plt       0x200000ac        0x0 load address 0x0801df4c
 .igot.plt      0x200000ac        0x0 C:/ST/STM32CubeIDE_1.16.1/STM32CubeIDE/plugins/com.st.stm32cube.ide.mcu.externaltools.gnu-tools-for-stm32.12.3.rel1.win32_1.0.200.202406191623/tools/bin/../lib/gcc/arm-none-eabi/12.3.1/thumb/v7e-m+fp/hard/crtbegin.o
                0x200000ac                        . = ALIGN (0x4)

.bss            0x200000ac     0x3054 load address 0x0801df4c
                0x200000ac                        _sbss = .
                0x200000ac                        __bss_start__ = _sbss
 *(.bss)
 .bss           0x200000ac       0x1c C:/ST/STM32CubeIDE_1.16.1/STM32CubeIDE/plugins/com.st.stm32cube.ide.mcu.externaltools.gnu-tools-for-stm32.12.3.rel1.win32_1.0.200.202406191623/tools/bin/../lib/gcc/arm-none-eabi/12.3.1/thumb/v7e-m+fp/hard/crtbegin.o
 *(.bss*)
 .bss.hi2c1     0x200000c8       0x54 ./Core/Src/stm32f4xx_nucleo_bus.o
                0x200000c8                hi2c1
 .bss.I2C1InitCounter
                0x2000011c        0x4 ./Core/Src/stm32f4xx_nucleo_bus.o
 .bss.__sbrk_heap_end
                0x20000120        0x4 ./Core/Src/sysmem.o
 .bss.VL53L5A1_RANGING_SENSOR_CompObj
                0x20000124        0xc ./Drivers/BSP/53L5A1/53l5a1_ranging_sensor.o
                0x20000124                VL53L5A1_RANGING_SENSOR_CompObj
 .bss.VL53L5A1_RANGING_SENSOR_Drv
                0x20000130        0x4 ./Drivers/BSP/53L5A1/53l5a1_ranging_sensor.o
 .bss.VL53L5A1_RANGING_SENSOR_Cap
                0x20000134       0x10 ./Drivers/BSP/53L5A1/53l5a1_ranging_sensor.o
 .bss.VL53L5CXObj.0
                0x20000144     0x20a0 ./Drivers/BSP/53L5A1/53l5a1_ranging_sensor.o
 .bss.thresholds.1
                0x200021e4      0x300 ./Drivers/BSP/Components/vl53l5cx/vl53l5cx.o
 .bss.data.0    0x200024e4      0x550 ./Drivers/BSP/Components/vl53l5cx/vl53l5cx.o
 .bss.hcom_uart
                0x20002a34       0x48 ./Drivers/BSP/STM32F4xx_Nucleo/stm32f4xx_nucleo.o
                0x20002a34                hcom_uart
 .bss.COM_ActiveLogPort
                0x20002a7c        0x1 ./Drivers/BSP/STM32F4xx_Nucleo/stm32f4xx_nucleo.o
 *fill*         0x20002a7d        0x3 
 .bss.uwTick    0x20002a80        0x4 ./Drivers/STM32F4xx_HAL_Driver/Src/stm32f4xx_hal.o
                0x20002a80                uwTick
 .bss.Cap       0x20002a84       0x10 ./TOF/App/app_tof.o
 .bss.Profile   0x20002a94       0x14 ./TOF/App/app_tof.o
 .bss.Result    0x20002aa8      0x504 ./TOF/App/app_tof.o
 .bss.status    0x20002fac        0x4 ./TOF/App/app_tof.o
 .bss.PushButtonDetected
                0x20002fb0        0x1 ./TOF/App/app_tof.o
 .bss.ToF_EventDetected
                0x20002fb1        0x1 ./TOF/App/app_tof.o
                0x20002fb1                ToF_EventDetected
 *fill*         0x20002fb2        0x2 
 .bss.__sf      0x20002fb4      0x138 C:/ST/STM32CubeIDE_1.16.1/STM32CubeIDE/plugins/com.st.stm32cube.ide.mcu.externaltools.gnu-tools-for-stm32.12.3.rel1.win32_1.0.200.202406191623/tools/bin/../lib/gcc/arm-none-eabi/12.3.1/../../../../arm-none-eabi/lib/thumb/v7e-m+fp/hard\libc_nano.a(libc_a-findfp.o)
                0x20002fb4                __sf
 .bss.__stdio_exit_handler
                0x200030ec        0x4 C:/ST/STM32CubeIDE_1.16.1/STM32CubeIDE/plugins/com.st.stm32cube.ide.mcu.externaltools.gnu-tools-for-stm32.12.3.rel1.win32_1.0.200.202406191623/tools/bin/../lib/gcc/arm-none-eabi/12.3.1/../../../../arm-none-eabi/lib/thumb/v7e-m+fp/hard\libc_nano.a(libc_a-findfp.o)
                0x200030ec                __stdio_exit_handler
 .bss.errno     0x200030f0        0x4 C:/ST/STM32CubeIDE_1.16.1/STM32CubeIDE/plugins/com.st.stm32cube.ide.mcu.externaltools.gnu-tools-for-stm32.12.3.rel1.win32_1.0.200.202406191623/tools/bin/../lib/gcc/arm-none-eabi/12.3.1/../../../../arm-none-eabi/lib/thumb/v7e-m+fp/hard\libc_nano.a(libc_a-reent.o)
                0x200030f0                errno
 .bss.__lock___malloc_recursive_mutex
                0x200030f4        0x1 C:/ST/STM32CubeIDE_1.16.1/STM32CubeIDE/plugins/com.st.stm32cube.ide.mcu.externaltools.gnu-tools-for-stm32.12.3.rel1.win32_1.0.200.202406191623/tools/bin/../lib/gcc/arm-none-eabi/12.3.1/../../../../arm-none-eabi/lib/thumb/v7e-m+fp/hard\libc_nano.a(libc_a-lock.o)
                0x200030f4                __lock___malloc_recursive_mutex
 .bss.__lock___sfp_recursive_mutex
                0x200030f5        0x1 C:/ST/STM32CubeIDE_1.16.1/STM32CubeIDE/plugins/com.st.stm32cube.ide.mcu.externaltools.gnu-tools-for-stm32.12.3.rel1.win32_1.0.200.202406191623/tools/bin/../lib/gcc/arm-none-eabi/12.3.1/../../../../arm-none-eabi/lib/thumb/v7e-m+fp/hard\libc_nano.a(libc_a-lock.o)
                0x200030f5                __lock___sfp_recursive_mutex
 *fill*         0x200030f6        0x2 
 .bss.__malloc_sbrk_start
                0x200030f8        0x4 C:/ST/STM32CubeIDE_1.16.1/STM32CubeIDE/plugins/com.st.stm32cube.ide.mcu.externaltools.gnu-tools-for-stm32.12.3.rel1.win32_1.0.200.202406191623/tools/bin/../lib/gcc/arm-none-eabi/12.3.1/../../../../arm-none-eabi/lib/thumb/v7e-m+fp/hard\libc_nano.a(libc_a-mallocr.o)
                0x200030f8                __malloc_sbrk_start
 .bss.__malloc_free_list
                0x200030fc        0x4 C:/ST/STM32CubeIDE_1.16.1/STM32CubeIDE/plugins/com.st.stm32cube.ide.mcu.externaltools.gnu-tools-for-stm32.12.3.rel1.win32_1.0.200.202406191623/tools/bin/../lib/gcc/arm-none-eabi/12.3.1/../../../../arm-none-eabi/lib/thumb/v7e-m+fp/hard\libc_nano.a(libc_a-mallocr.o)
                0x200030fc                __malloc_free_list
 *(COMMON)
                0x20003100                        . = ALIGN (0x4)
                0x20003100                        _ebss = .
                0x20003100                        __bss_end__ = _ebss

._user_heap_stack
                0x20003100      0x600 load address 0x0801df4c
                0x20003100                        . = ALIGN (0x8)
                [!provide]                        PROVIDE (end = .)
                0x20003100                        PROVIDE (_end = .)
                0x20003300                        . = (. + _Min_Heap_Size)
 *fill*         0x20003100      0x200 
                0x20003700                        . = (. + _Min_Stack_Size)
 *fill*         0x20003300      0x400 
                0x20003700                        . = ALIGN (0x8)

/DISCARD/
 libc.a(*)
 libm.a(*)
 libgcc.a(*)

.ARM.attributes
                0x00000000       0x30
 *(.ARM.attributes)
 .ARM.attributes
                0x00000000       0x22 C:/ST/STM32CubeIDE_1.16.1/STM32CubeIDE/plugins/com.st.stm32cube.ide.mcu.externaltools.gnu-tools-for-stm32.12.3.rel1.win32_1.0.200.202406191623/tools/bin/../lib/gcc/arm-none-eabi/12.3.1/thumb/v7e-m+fp/hard/crti.o
 .ARM.attributes
                0x00000022       0x34 C:/ST/STM32CubeIDE_1.16.1/STM32CubeIDE/plugins/com.st.stm32cube.ide.mcu.externaltools.gnu-tools-for-stm32.12.3.rel1.win32_1.0.200.202406191623/tools/bin/../lib/gcc/arm-none-eabi/12.3.1/thumb/v7e-m+fp/hard/crtbegin.o
 .ARM.attributes
                0x00000056       0x34 ./Core/Src/main.o
 .ARM.attributes
                0x0000008a       0x34 ./Core/Src/stm32f4xx_hal_msp.o
 .ARM.attributes
                0x000000be       0x34 ./Core/Src/stm32f4xx_it.o
 .ARM.attributes
                0x000000f2       0x34 ./Core/Src/stm32f4xx_nucleo_bus.o
 .ARM.attributes
                0x00000126       0x34 ./Core/Src/syscalls.o
 .ARM.attributes
                0x0000015a       0x34 ./Core/Src/sysmem.o
 .ARM.attributes
                0x0000018e       0x34 ./Core/Src/system_stm32f4xx.o
 .ARM.attributes
                0x000001c2       0x21 ./Core/Startup/startup_stm32f401retx.o
 .ARM.attributes
                0x000001e3       0x34 ./Drivers/BSP/53L5A1/53l5a1_ranging_sensor.o
 .ARM.attributes
                0x00000217       0x34 ./Drivers/BSP/Components/vl53l5cx/modules/vl53l5cx_api.o
 .ARM.attributes
                0x0000024b       0x34 ./Drivers/BSP/Components/vl53l5cx/modules/vl53l5cx_plugin_detection_thresholds.o
 .ARM.attributes
                0x0000027f       0x34 ./Drivers/BSP/Components/vl53l5cx/porting/platform.o
 .ARM.attributes
                0x000002b3       0x34 ./Drivers/BSP/Components/vl53l5cx/vl53l5cx.o
 .ARM.attributes
                0x000002e7       0x34 ./Drivers/BSP/STM32F4xx_Nucleo/stm32f4xx_nucleo.o
 .ARM.attributes
                0x0000031b       0x34 ./Drivers/STM32F4xx_HAL_Driver/Src/stm32f4xx_hal.o
 .ARM.attributes
                0x0000034f       0x34 ./Drivers/STM32F4xx_HAL_Driver/Src/stm32f4xx_hal_cortex.o
 .ARM.attributes
                0x00000383       0x34 ./Drivers/STM32F4xx_HAL_Driver/Src/stm32f4xx_hal_exti.o
 .ARM.attributes
                0x000003b7       0x34 ./Drivers/STM32F4xx_HAL_Driver/Src/stm32f4xx_hal_gpio.o
 .ARM.attributes
                0x000003eb       0x34 ./Drivers/STM32F4xx_HAL_Driver/Src/stm32f4xx_hal_i2c.o
 .ARM.attributes
                0x0000041f       0x34 ./Drivers/STM32F4xx_HAL_Driver/Src/stm32f4xx_hal_rcc.o
 .ARM.attributes
                0x00000453       0x34 ./Drivers/STM32F4xx_HAL_Driver/Src/stm32f4xx_hal_uart.o
 .ARM.attributes
                0x00000487       0x34 ./TOF/App/app_tof.o
 .ARM.attributes
                0x000004bb       0x34 ./TOF/Target/app_tof_pin_conf.o
 .ARM.attributes
                0x000004ef       0x34 C:/ST/STM32CubeIDE_1.16.1/STM32CubeIDE/plugins/com.st.stm32cube.ide.mcu.externaltools.gnu-tools-for-stm32.12.3.rel1.win32_1.0.200.202406191623/tools/bin/../lib/gcc/arm-none-eabi/12.3.1/../../../../arm-none-eabi/lib/thumb/v7e-m+fp/hard\libc_nano.a(libc_a-findfp.o)
 .ARM.attributes
                0x00000523       0x34 C:/ST/STM32CubeIDE_1.16.1/STM32CubeIDE/plugins/com.st.stm32cube.ide.mcu.externaltools.gnu-tools-for-stm32.12.3.rel1.win32_1.0.200.202406191623/tools/bin/../lib/gcc/arm-none-eabi/12.3.1/../../../../arm-none-eabi/lib/thumb/v7e-m+fp/hard\libc_nano.a(libc_a-fwalk.o)
 .ARM.attributes
                0x00000557       0x34 C:/ST/STM32CubeIDE_1.16.1/STM32CubeIDE/plugins/com.st.stm32cube.ide.mcu.externaltools.gnu-tools-for-stm32.12.3.rel1.win32_1.0.200.202406191623/tools/bin/../lib/gcc/arm-none-eabi/12.3.1/../../../../arm-none-eabi/lib/thumb/v7e-m+fp/hard\libc_nano.a(libc_a-printf.o)
 .ARM.attributes
                0x0000058b       0x34 C:/ST/STM32CubeIDE_1.16.1/STM32CubeIDE/plugins/com.st.stm32cube.ide.mcu.externaltools.gnu-tools-for-stm32.12.3.rel1.win32_1.0.200.202406191623/tools/bin/../lib/gcc/arm-none-eabi/12.3.1/../../../../arm-none-eabi/lib/thumb/v7e-m+fp/hard\libc_nano.a(libc_a-putchar.o)
 .ARM.attributes
                0x000005bf       0x34 C:/ST/STM32CubeIDE_1.16.1/STM32CubeIDE/plugins/com.st.stm32cube.ide.mcu.externaltools.gnu-tools-for-stm32.12.3.rel1.win32_1.0.200.202406191623/tools/bin/../lib/gcc/arm-none-eabi/12.3.1/../../../../arm-none-eabi/lib/thumb/v7e-m+fp/hard\libc_nano.a(libc_a-puts.o)
 .ARM.attributes
                0x000005f3       0x34 C:/ST/STM32CubeIDE_1.16.1/STM32CubeIDE/plugins/com.st.stm32cube.ide.mcu.externaltools.gnu-tools-for-stm32.12.3.rel1.win32_1.0.200.202406191623/tools/bin/../lib/gcc/arm-none-eabi/12.3.1/../../../../arm-none-eabi/lib/thumb/v7e-m+fp/hard\libc_nano.a(libc_a-stdio.o)
 .ARM.attributes
                0x00000627       0x34 C:/ST/STM32CubeIDE_1.16.1/STM32CubeIDE/plugins/com.st.stm32cube.ide.mcu.externaltools.gnu-tools-for-stm32.12.3.rel1.win32_1.0.200.202406191623/tools/bin/../lib/gcc/arm-none-eabi/12.3.1/../../../../arm-none-eabi/lib/thumb/v7e-m+fp/hard\libc_nano.a(libc_a-wbuf.o)
 .ARM.attributes
                0x0000065b       0x34 C:/ST/STM32CubeIDE_1.16.1/STM32CubeIDE/plugins/com.st.stm32cube.ide.mcu.externaltools.gnu-tools-for-stm32.12.3.rel1.win32_1.0.200.202406191623/tools/bin/../lib/gcc/arm-none-eabi/12.3.1/../../../../arm-none-eabi/lib/thumb/v7e-m+fp/hard\libc_nano.a(libc_a-wsetup.o)
 .ARM.attributes
                0x0000068f       0x34 C:/ST/STM32CubeIDE_1.16.1/STM32CubeIDE/plugins/com.st.stm32cube.ide.mcu.externaltools.gnu-tools-for-stm32.12.3.rel1.win32_1.0.200.202406191623/tools/bin/../lib/gcc/arm-none-eabi/12.3.1/../../../../arm-none-eabi/lib/thumb/v7e-m+fp/hard\libc_nano.a(libc_a-memset.o)
 .ARM.attributes
                0x000006c3       0x34 C:/ST/STM32CubeIDE_1.16.1/STM32CubeIDE/plugins/com.st.stm32cube.ide.mcu.externaltools.gnu-tools-for-stm32.12.3.rel1.win32_1.0.200.202406191623/tools/bin/../lib/gcc/arm-none-eabi/12.3.1/../../../../arm-none-eabi/lib/thumb/v7e-m+fp/hard\libc_nano.a(libc_a-closer.o)
 .ARM.attributes
                0x000006f7       0x34 C:/ST/STM32CubeIDE_1.16.1/STM32CubeIDE/plugins/com.st.stm32cube.ide.mcu.externaltools.gnu-tools-for-stm32.12.3.rel1.win32_1.0.200.202406191623/tools/bin/../lib/gcc/arm-none-eabi/12.3.1/../../../../arm-none-eabi/lib/thumb/v7e-m+fp/hard\libc_nano.a(libc_a-reent.o)
 .ARM.attributes
                0x0000072b       0x34 C:/ST/STM32CubeIDE_1.16.1/STM32CubeIDE/plugins/com.st.stm32cube.ide.mcu.externaltools.gnu-tools-for-stm32.12.3.rel1.win32_1.0.200.202406191623/tools/bin/../lib/gcc/arm-none-eabi/12.3.1/../../../../arm-none-eabi/lib/thumb/v7e-m+fp/hard\libc_nano.a(libc_a-impure.o)
 .ARM.attributes
                0x0000075f       0x34 C:/ST/STM32CubeIDE_1.16.1/STM32CubeIDE/plugins/com.st.stm32cube.ide.mcu.externaltools.gnu-tools-for-stm32.12.3.rel1.win32_1.0.200.202406191623/tools/bin/../lib/gcc/arm-none-eabi/12.3.1/../../../../arm-none-eabi/lib/thumb/v7e-m+fp/hard\libc_nano.a(libc_a-lseekr.o)
 .ARM.attributes
                0x00000793       0x34 C:/ST/STM32CubeIDE_1.16.1/STM32CubeIDE/plugins/com.st.stm32cube.ide.mcu.externaltools.gnu-tools-for-stm32.12.3.rel1.win32_1.0.200.202406191623/tools/bin/../lib/gcc/arm-none-eabi/12.3.1/../../../../arm-none-eabi/lib/thumb/v7e-m+fp/hard\libc_nano.a(libc_a-readr.o)
 .ARM.attributes
                0x000007c7       0x34 C:/ST/STM32CubeIDE_1.16.1/STM32CubeIDE/plugins/com.st.stm32cube.ide.mcu.externaltools.gnu-tools-for-stm32.12.3.rel1.win32_1.0.200.202406191623/tools/bin/../lib/gcc/arm-none-eabi/12.3.1/../../../../arm-none-eabi/lib/thumb/v7e-m+fp/hard\libc_nano.a(libc_a-writer.o)
 .ARM.attributes
                0x000007fb       0x34 C:/ST/STM32CubeIDE_1.16.1/STM32CubeIDE/plugins/com.st.stm32cube.ide.mcu.externaltools.gnu-tools-for-stm32.12.3.rel1.win32_1.0.200.202406191623/tools/bin/../lib/gcc/arm-none-eabi/12.3.1/../../../../arm-none-eabi/lib/thumb/v7e-m+fp/hard\libc_nano.a(libc_a-errno.o)
 .ARM.attributes
                0x0000082f       0x34 C:/ST/STM32CubeIDE_1.16.1/STM32CubeIDE/plugins/com.st.stm32cube.ide.mcu.externaltools.gnu-tools-for-stm32.12.3.rel1.win32_1.0.200.202406191623/tools/bin/../lib/gcc/arm-none-eabi/12.3.1/../../../../arm-none-eabi/lib/thumb/v7e-m+fp/hard\libc_nano.a(libc_a-init.o)
 .ARM.attributes
                0x00000863       0x34 C:/ST/STM32CubeIDE_1.16.1/STM32CubeIDE/plugins/com.st.stm32cube.ide.mcu.externaltools.gnu-tools-for-stm32.12.3.rel1.win32_1.0.200.202406191623/tools/bin/../lib/gcc/arm-none-eabi/12.3.1/../../../../arm-none-eabi/lib/thumb/v7e-m+fp/hard\libc_nano.a(libc_a-lock.o)
 .ARM.attributes
                0x00000897       0x34 C:/ST/STM32CubeIDE_1.16.1/STM32CubeIDE/plugins/com.st.stm32cube.ide.mcu.externaltools.gnu-tools-for-stm32.12.3.rel1.win32_1.0.200.202406191623/tools/bin/../lib/gcc/arm-none-eabi/12.3.1/../../../../arm-none-eabi/lib/thumb/v7e-m+fp/hard\libc_nano.a(libc_a-memcpy-stub.o)
 .ARM.attributes
                0x000008cb       0x34 C:/ST/STM32CubeIDE_1.16.1/STM32CubeIDE/plugins/com.st.stm32cube.ide.mcu.externaltools.gnu-tools-for-stm32.12.3.rel1.win32_1.0.200.202406191623/tools/bin/../lib/gcc/arm-none-eabi/12.3.1/../../../../arm-none-eabi/lib/thumb/v7e-m+fp/hard\libc_nano.a(libc_a-freer.o)
 .ARM.attributes
                0x000008ff       0x34 C:/ST/STM32CubeIDE_1.16.1/STM32CubeIDE/plugins/com.st.stm32cube.ide.mcu.externaltools.gnu-tools-for-stm32.12.3.rel1.win32_1.0.200.202406191623/tools/bin/../lib/gcc/arm-none-eabi/12.3.1/../../../../arm-none-eabi/lib/thumb/v7e-m+fp/hard\libc_nano.a(libc_a-mallocr.o)
 .ARM.attributes
                0x00000933       0x34 C:/ST/STM32CubeIDE_1.16.1/STM32CubeIDE/plugins/com.st.stm32cube.ide.mcu.externaltools.gnu-tools-for-stm32.12.3.rel1.win32_1.0.200.202406191623/tools/bin/../lib/gcc/arm-none-eabi/12.3.1/../../../../arm-none-eabi/lib/thumb/v7e-m+fp/hard\libc_nano.a(libc_a-mlock.o)
 .ARM.attributes
                0x00000967       0x34 C:/ST/STM32CubeIDE_1.16.1/STM32CubeIDE/plugins/com.st.stm32cube.ide.mcu.externaltools.gnu-tools-for-stm32.12.3.rel1.win32_1.0.200.202406191623/tools/bin/../lib/gcc/arm-none-eabi/12.3.1/../../../../arm-none-eabi/lib/thumb/v7e-m+fp/hard\libc_nano.a(libc_a-nano-vfprintf.o)
 .ARM.attributes
                0x0000099b       0x34 C:/ST/STM32CubeIDE_1.16.1/STM32CubeIDE/plugins/com.st.stm32cube.ide.mcu.externaltools.gnu-tools-for-stm32.12.3.rel1.win32_1.0.200.202406191623/tools/bin/../lib/gcc/arm-none-eabi/12.3.1/../../../../arm-none-eabi/lib/thumb/v7e-m+fp/hard\libc_nano.a(libc_a-nano-vfprintf_i.o)
 .ARM.attributes
                0x000009cf       0x34 C:/ST/STM32CubeIDE_1.16.1/STM32CubeIDE/plugins/com.st.stm32cube.ide.mcu.externaltools.gnu-tools-for-stm32.12.3.rel1.win32_1.0.200.202406191623/tools/bin/../lib/gcc/arm-none-eabi/12.3.1/../../../../arm-none-eabi/lib/thumb/v7e-m+fp/hard\libc_nano.a(libc_a-fflush.o)
 .ARM.attributes
                0x00000a03       0x34 C:/ST/STM32CubeIDE_1.16.1/STM32CubeIDE/plugins/com.st.stm32cube.ide.mcu.externaltools.gnu-tools-for-stm32.12.3.rel1.win32_1.0.200.202406191623/tools/bin/../lib/gcc/arm-none-eabi/12.3.1/../../../../arm-none-eabi/lib/thumb/v7e-m+fp/hard\libc_nano.a(libc_a-makebuf.o)
 .ARM.attributes
                0x00000a37       0x34 C:/ST/STM32CubeIDE_1.16.1/STM32CubeIDE/plugins/com.st.stm32cube.ide.mcu.externaltools.gnu-tools-for-stm32.12.3.rel1.win32_1.0.200.202406191623/tools/bin/../lib/gcc/arm-none-eabi/12.3.1/../../../../arm-none-eabi/lib/thumb/v7e-m+fp/hard\libc_nano.a(libc_a-putc.o)
 .ARM.attributes
                0x00000a6b       0x34 C:/ST/STM32CubeIDE_1.16.1/STM32CubeIDE/plugins/com.st.stm32cube.ide.mcu.externaltools.gnu-tools-for-stm32.12.3.rel1.win32_1.0.200.202406191623/tools/bin/../lib/gcc/arm-none-eabi/12.3.1/../../../../arm-none-eabi/lib/thumb/v7e-m+fp/hard\libc_nano.a(libc_a-fstatr.o)
 .ARM.attributes
                0x00000a9f       0x34 C:/ST/STM32CubeIDE_1.16.1/STM32CubeIDE/plugins/com.st.stm32cube.ide.mcu.externaltools.gnu-tools-for-stm32.12.3.rel1.win32_1.0.200.202406191623/tools/bin/../lib/gcc/arm-none-eabi/12.3.1/../../../../arm-none-eabi/lib/thumb/v7e-m+fp/hard\libc_nano.a(libc_a-isattyr.o)
 .ARM.attributes
                0x00000ad3       0x34 C:/ST/STM32CubeIDE_1.16.1/STM32CubeIDE/plugins/com.st.stm32cube.ide.mcu.externaltools.gnu-tools-for-stm32.12.3.rel1.win32_1.0.200.202406191623/tools/bin/../lib/gcc/arm-none-eabi/12.3.1/../../../../arm-none-eabi/lib/thumb/v7e-m+fp/hard\libc_nano.a(libc_a-sbrkr.o)
 .ARM.attributes
                0x00000b07       0x1c C:/ST/STM32CubeIDE_1.16.1/STM32CubeIDE/plugins/com.st.stm32cube.ide.mcu.externaltools.gnu-tools-for-stm32.12.3.rel1.win32_1.0.200.202406191623/tools/bin/../lib/gcc/arm-none-eabi/12.3.1/../../../../arm-none-eabi/lib/thumb/v7e-m+fp/hard\libc_nano.a(libc_a-memchr.o)
 .ARM.attributes
                0x00000b23       0x22 C:/ST/STM32CubeIDE_1.16.1/STM32CubeIDE/plugins/com.st.stm32cube.ide.mcu.externaltools.gnu-tools-for-stm32.12.3.rel1.win32_1.0.200.202406191623/tools/bin/../lib/gcc/arm-none-eabi/12.3.1/thumb/v7e-m+fp/hard\libgcc.a(_aeabi_uldivmod.o)
 .ARM.attributes
                0x00000b45       0x34 C:/ST/STM32CubeIDE_1.16.1/STM32CubeIDE/plugins/com.st.stm32cube.ide.mcu.externaltools.gnu-tools-for-stm32.12.3.rel1.win32_1.0.200.202406191623/tools/bin/../lib/gcc/arm-none-eabi/12.3.1/thumb/v7e-m+fp/hard\libgcc.a(_udivmoddi4.o)
 .ARM.attributes
                0x00000b79       0x22 C:/ST/STM32CubeIDE_1.16.1/STM32CubeIDE/plugins/com.st.stm32cube.ide.mcu.externaltools.gnu-tools-for-stm32.12.3.rel1.win32_1.0.200.202406191623/tools/bin/../lib/gcc/arm-none-eabi/12.3.1/thumb/v7e-m+fp/hard\libgcc.a(_dvmd_tls.o)
 .ARM.attributes
                0x00000b9b       0x22 C:/ST/STM32CubeIDE_1.16.1/STM32CubeIDE/plugins/com.st.stm32cube.ide.mcu.externaltools.gnu-tools-for-stm32.12.3.rel1.win32_1.0.200.202406191623/tools/bin/../lib/gcc/arm-none-eabi/12.3.1/thumb/v7e-m+fp/hard/crtn.o
OUTPUT(tofSimpleRanging.elf elf32-littlearm)
LOAD linker stubs
LOAD C:/ST/STM32CubeIDE_1.16.1/STM32CubeIDE/plugins/com.st.stm32cube.ide.mcu.externaltools.gnu-tools-for-stm32.12.3.rel1.win32_1.0.200.202406191623/tools/bin/../lib/gcc/arm-none-eabi/12.3.1/../../../../arm-none-eabi/lib/thumb/v7e-m+fp/hard\libc.a
LOAD C:/ST/STM32CubeIDE_1.16.1/STM32CubeIDE/plugins/com.st.stm32cube.ide.mcu.externaltools.gnu-tools-for-stm32.12.3.rel1.win32_1.0.200.202406191623/tools/bin/../lib/gcc/arm-none-eabi/12.3.1/../../../../arm-none-eabi/lib/thumb/v7e-m+fp/hard\libm.a
LOAD C:/ST/STM32CubeIDE_1.16.1/STM32CubeIDE/plugins/com.st.stm32cube.ide.mcu.externaltools.gnu-tools-for-stm32.12.3.rel1.win32_1.0.200.202406191623/tools/bin/../lib/gcc/arm-none-eabi/12.3.1/thumb/v7e-m+fp/hard\libgcc.a

.debug_info     0x00000000     0xff88
 .debug_info    0x00000000      0x88b ./Core/Src/main.o
 .debug_info    0x0000088b      0x2a4 ./Core/Src/stm32f4xx_hal_msp.o
 .debug_info    0x00000b2f      0x14a ./Core/Src/stm32f4xx_it.o
 .debug_info    0x00000c79      0xdfa ./Core/Src/stm32f4xx_nucleo_bus.o
 .debug_info    0x00001a73      0x6a3 ./Core/Src/syscalls.o
 .debug_info    0x00002116      0x168 ./Core/Src/sysmem.o
 .debug_info    0x0000227e      0x53e ./Core/Src/system_stm32f4xx.o
 .debug_info    0x000027bc       0x30 ./Core/Startup/startup_stm32f401retx.o
 .debug_info    0x000027ec      0xfd4 ./Drivers/BSP/53L5A1/53l5a1_ranging_sensor.o
 .debug_info    0x000037c0     0x128b ./Drivers/BSP/Components/vl53l5cx/modules/vl53l5cx_api.o
 .debug_info    0x00004a4b      0x493 ./Drivers/BSP/Components/vl53l5cx/modules/vl53l5cx_plugin_detection_thresholds.o
 .debug_info    0x00004ede      0x335 ./Drivers/BSP/Components/vl53l5cx/porting/platform.o
 .debug_info    0x00005213     0x1199 ./Drivers/BSP/Components/vl53l5cx/vl53l5cx.o
 .debug_info    0x000063ac     0x10a3 ./Drivers/BSP/STM32F4xx_Nucleo/stm32f4xx_nucleo.o
 .debug_info    0x0000744f      0x8bb ./Drivers/STM32F4xx_HAL_Driver/Src/stm32f4xx_hal.o
 .debug_info    0x00007d0a      0xcf6 ./Drivers/STM32F4xx_HAL_Driver/Src/stm32f4xx_hal_cortex.o
 .debug_info    0x00008a00      0x503 ./Drivers/STM32F4xx_HAL_Driver/Src/stm32f4xx_hal_exti.o
 .debug_info    0x00008f03      0x6f9 ./Drivers/STM32F4xx_HAL_Driver/Src/stm32f4xx_hal_gpio.o
 .debug_info    0x000095fc     0x2426 ./Drivers/STM32F4xx_HAL_Driver/Src/stm32f4xx_hal_i2c.o
 .debug_info    0x0000ba22      0x8f1 ./Drivers/STM32F4xx_HAL_Driver/Src/stm32f4xx_hal_rcc.o
 .debug_info    0x0000c313     0x2f56 ./Drivers/STM32F4xx_HAL_Driver/Src/stm32f4xx_hal_uart.o
 .debug_info    0x0000f269      0xc44 ./TOF/App/app_tof.o
 .debug_info    0x0000fead       0xdb ./TOF/Target/app_tof_pin_conf.o

.debug_abbrev   0x00000000     0x2cc0
 .debug_abbrev  0x00000000      0x229 ./Core/Src/main.o
 .debug_abbrev  0x00000229       0xf4 ./Core/Src/stm32f4xx_hal_msp.o
 .debug_abbrev  0x0000031d       0xa0 ./Core/Src/stm32f4xx_it.o
 .debug_abbrev  0x000003bd      0x2b5 ./Core/Src/stm32f4xx_nucleo_bus.o
 .debug_abbrev  0x00000672      0x1b6 ./Core/Src/syscalls.o
 .debug_abbrev  0x00000828       0xbc ./Core/Src/sysmem.o
 .debug_abbrev  0x000008e4      0x11a ./Core/Src/system_stm32f4xx.o
 .debug_abbrev  0x000009fe       0x24 ./Core/Startup/startup_stm32f401retx.o
 .debug_abbrev  0x00000a22      0x264 ./Drivers/BSP/53L5A1/53l5a1_ranging_sensor.o
 .debug_abbrev  0x00000c86      0x2b3 ./Drivers/BSP/Components/vl53l5cx/modules/vl53l5cx_api.o
 .debug_abbrev  0x00000f39      0x168 ./Drivers/BSP/Components/vl53l5cx/modules/vl53l5cx_plugin_detection_thresholds.o
 .debug_abbrev  0x000010a1      0x10c ./Drivers/BSP/Components/vl53l5cx/porting/platform.o
 .debug_abbrev  0x000011ad      0x2b1 ./Drivers/BSP/Components/vl53l5cx/vl53l5cx.o
 .debug_abbrev  0x0000145e      0x365 ./Drivers/BSP/STM32F4xx_Nucleo/stm32f4xx_nucleo.o
 .debug_abbrev  0x000017c3      0x24b ./Drivers/STM32F4xx_HAL_Driver/Src/stm32f4xx_hal.o
 .debug_abbrev  0x00001a0e      0x31d ./Drivers/STM32F4xx_HAL_Driver/Src/stm32f4xx_hal_cortex.o
 .debug_abbrev  0x00001d2b      0x1d1 ./Drivers/STM32F4xx_HAL_Driver/Src/stm32f4xx_hal_exti.o
 .debug_abbrev  0x00001efc      0x1d3 ./Drivers/STM32F4xx_HAL_Driver/Src/stm32f4xx_hal_gpio.o
 .debug_abbrev  0x000020cf      0x2bc ./Drivers/STM32F4xx_HAL_Driver/Src/stm32f4xx_hal_i2c.o
 .debug_abbrev  0x0000238b      0x2b6 ./Drivers/STM32F4xx_HAL_Driver/Src/stm32f4xx_hal_rcc.o
 .debug_abbrev  0x00002641      0x31b ./Drivers/STM32F4xx_HAL_Driver/Src/stm32f4xx_hal_uart.o
 .debug_abbrev  0x0000295c      0x2e5 ./TOF/App/app_tof.o
 .debug_abbrev  0x00002c41       0x7f ./TOF/Target/app_tof_pin_conf.o

.debug_aranges  0x00000000      0xe78
 .debug_aranges
                0x00000000       0x38 ./Core/Src/main.o
 .debug_aranges
                0x00000038       0x20 ./Core/Src/stm32f4xx_hal_msp.o
 .debug_aranges
                0x00000058       0x68 ./Core/Src/stm32f4xx_it.o
 .debug_aranges
                0x000000c0       0x80 ./Core/Src/stm32f4xx_nucleo_bus.o
 .debug_aranges
                0x00000140       0xa8 ./Core/Src/syscalls.o
 .debug_aranges
                0x000001e8       0x20 ./Core/Src/sysmem.o
 .debug_aranges
                0x00000208       0x28 ./Core/Src/system_stm32f4xx.o
 .debug_aranges
                0x00000230       0x28 ./Core/Startup/startup_stm32f401retx.o
 .debug_aranges
                0x00000258       0x98 ./Drivers/BSP/53L5A1/53l5a1_ranging_sensor.o
 .debug_aranges
                0x000002f0      0x118 ./Drivers/BSP/Components/vl53l5cx/modules/vl53l5cx_api.o
 .debug_aranges
                0x00000408       0x38 ./Drivers/BSP/Components/vl53l5cx/modules/vl53l5cx_plugin_detection_thresholds.o
 .debug_aranges
                0x00000440       0x48 ./Drivers/BSP/Components/vl53l5cx/porting/platform.o
 .debug_aranges
                0x00000488       0xb0 ./Drivers/BSP/Components/vl53l5cx/vl53l5cx.o
 .debug_aranges
                0x00000538       0x90 ./Drivers/BSP/STM32F4xx_Nucleo/stm32f4xx_nucleo.o
 .debug_aranges
                0x000005c8       0xf0 ./Drivers/STM32F4xx_HAL_Driver/Src/stm32f4xx_hal.o
 .debug_aranges
                0x000006b8      0x130 ./Drivers/STM32F4xx_HAL_Driver/Src/stm32f4xx_hal_cortex.o
 .debug_aranges
                0x000007e8       0x60 ./Drivers/STM32F4xx_HAL_Driver/Src/stm32f4xx_hal_exti.o
 .debug_aranges
                0x00000848       0x58 ./Drivers/STM32F4xx_HAL_Driver/Src/stm32f4xx_hal_gpio.o
 .debug_aranges
                0x000008a0      0x2a8 ./Drivers/STM32F4xx_HAL_Driver/Src/stm32f4xx_hal_i2c.o
 .debug_aranges
                0x00000b48       0x88 ./Drivers/STM32F4xx_HAL_Driver/Src/stm32f4xx_hal_rcc.o
 .debug_aranges
                0x00000bd0      0x208 ./Drivers/STM32F4xx_HAL_Driver/Src/stm32f4xx_hal_uart.o
 .debug_aranges
                0x00000dd8       0x80 ./TOF/App/app_tof.o
 .debug_aranges
                0x00000e58       0x20 ./TOF/Target/app_tof_pin_conf.o

.debug_rnglists
                0x00000000      0xb13
 .debug_rnglists
                0x00000000       0x27 ./Core/Src/main.o
 .debug_rnglists
                0x00000027       0x13 ./Core/Src/stm32f4xx_hal_msp.o
 .debug_rnglists
                0x0000003a       0x49 ./Core/Src/stm32f4xx_it.o
 .debug_rnglists
                0x00000083       0x5c ./Core/Src/stm32f4xx_nucleo_bus.o
 .debug_rnglists
                0x000000df       0x79 ./Core/Src/syscalls.o
 .debug_rnglists
                0x00000158       0x13 ./Core/Src/sysmem.o
 .debug_rnglists
                0x0000016b       0x1a ./Core/Src/system_stm32f4xx.o
 .debug_rnglists
                0x00000185       0x19 ./Core/Startup/startup_stm32f401retx.o
 .debug_rnglists
                0x0000019e       0x6e ./Drivers/BSP/53L5A1/53l5a1_ranging_sensor.o
 .debug_rnglists
                0x0000020c       0xdd ./Drivers/BSP/Components/vl53l5cx/modules/vl53l5cx_api.o
 .debug_rnglists
                0x000002e9       0x28 ./Drivers/BSP/Components/vl53l5cx/modules/vl53l5cx_plugin_detection_thresholds.o
 .debug_rnglists
                0x00000311       0x31 ./Drivers/BSP/Components/vl53l5cx/porting/platform.o
 .debug_rnglists
                0x00000342       0x85 ./Drivers/BSP/Components/vl53l5cx/vl53l5cx.o
 .debug_rnglists
                0x000003c7       0x69 ./Drivers/BSP/STM32F4xx_Nucleo/stm32f4xx_nucleo.o
 .debug_rnglists
                0x00000430       0xaf ./Drivers/STM32F4xx_HAL_Driver/Src/stm32f4xx_hal.o
 .debug_rnglists
                0x000004df       0xe0 ./Drivers/STM32F4xx_HAL_Driver/Src/stm32f4xx_hal_cortex.o
 .debug_rnglists
                0x000005bf       0x46 ./Drivers/STM32F4xx_HAL_Driver/Src/stm32f4xx_hal_exti.o
 .debug_rnglists
                0x00000605       0x3f ./Drivers/STM32F4xx_HAL_Driver/Src/stm32f4xx_hal_gpio.o
 .debug_rnglists
                0x00000644      0x23c ./Drivers/STM32F4xx_HAL_Driver/Src/stm32f4xx_hal_i2c.o
 .debug_rnglists
                0x00000880       0x66 ./Drivers/STM32F4xx_HAL_Driver/Src/stm32f4xx_hal_rcc.o
 .debug_rnglists
                0x000008e6      0x1bc ./Drivers/STM32F4xx_HAL_Driver/Src/stm32f4xx_hal_uart.o
 .debug_rnglists
                0x00000aa2       0x5e ./TOF/App/app_tof.o
 .debug_rnglists
                0x00000b00       0x13 ./TOF/Target/app_tof_pin_conf.o

.debug_macro    0x00000000    0x18601
 .debug_macro   0x00000000      0x211 ./Core/Src/main.o
 .debug_macro   0x00000211      0xab4 ./Core/Src/main.o
 .debug_macro   0x00000cc5      0x29b ./Core/Src/main.o
 .debug_macro   0x00000f60       0x2e ./Core/Src/main.o
 .debug_macro   0x00000f8e       0x28 ./Core/Src/main.o
 .debug_macro   0x00000fb6       0x22 ./Core/Src/main.o
 .debug_macro   0x00000fd8       0x8e ./Core/Src/main.o
 .debug_macro   0x00001066       0x51 ./Core/Src/main.o
 .debug_macro   0x000010b7      0x103 ./Core/Src/main.o
 .debug_macro   0x000011ba       0x6a ./Core/Src/main.o
 .debug_macro   0x00001224      0x1df ./Core/Src/main.o
 .debug_macro   0x00001403       0x1c ./Core/Src/main.o
 .debug_macro   0x0000141f       0x22 ./Core/Src/main.o
 .debug_macro   0x00001441       0xfb ./Core/Src/main.o
 .debug_macro   0x0000153c     0x1011 ./Core/Src/main.o
 .debug_macro   0x0000254d      0x11f ./Core/Src/main.o
 .debug_macro   0x0000266c     0xb86c ./Core/Src/main.o
 .debug_macro   0x0000ded8       0x6d ./Core/Src/main.o
 .debug_macro   0x0000df45     0x369a ./Core/Src/main.o
 .debug_macro   0x000115df      0x189 ./Core/Src/main.o