../TOF/App/app_tof.c:62:6:MX_TOF_Init	8	static
../TOF/App/app_tof.c:84:6:MX_TOF_Process	8	static
../TOF/App/app_tof.c:97:13:MX_53L5A1_SimpleRanging_Init	8	static
../TOF/App/app_tof.c:129:13:MX_53L5A1_SimpleRanging_Process	16	static
../TOF/App/app_tof.c:173:13:print_result	32	static
../TOF/App/app_tof.c:262:13:toggle_resolution	8	static
../TOF/App/app_tof.c:292:13:toggle_signal_and_ambient	8	static
../TOF/App/app_tof.c:303:13:clear_screen	8	static
../TOF/App/app_tof.c:308:13:display_commands_banner	8	static
../TOF/App/app_tof.c:323:13:handle_cmd	16	static
../TOF/App/app_tof.c:346:16:get_key	16	static
../TOF/App/app_tof.c:355:17:com_has_data	4	static
../TOF/App/app_tof.c:360:6:BSP_PB_Callback	16	static
